Copyright 1986-2017 Xilinx, Inc. All Rights Reserved.
----------------------------------------------------------------------------------------------------------------------------------------------
| Tool Version     : Vivado v.2017.3 (win64) Build 2018833 Wed Oct  4 19:58:22 MDT 2017
| Date             : Sun Dec 10 13:40:24 2017
| Host             : Laptop-BigBoy running 64-bit major release  (build 9200)
| Command          : report_power -file toplevel_power_routed.rpt -pb toplevel_power_summary_routed.pb -rpx toplevel_power_routed.rpx
| Design           : toplevel
| Device           : xc7a35ticpg236-1L
| Design State     : routed
| Grade            : industrial
| Process          : typical
| Characterization : Advance
----------------------------------------------------------------------------------------------------------------------------------------------

Power Report

Table of Contents
-----------------
1. Summary
1.1 On-Chip Components
1.2 Power Supply Summary
1.3 Confidence Level
2. Settings
2.1 Environment
2.2 Clock Constraints
3. Detailed Reports
3.1 By Hierarchy

1. Summary
----------

+--------------------------+--------------+
| Total On-Chip Power (W)  | 0.220        |
| Design Power Budget (W)  | Unspecified* |
| Power Budget Margin (W)  | NA           |
| Dynamic (W)              | 0.158        |
| Device Static (W)        | 0.062        |
| Effective TJA (C/W)      | 5.0          |
| Max Ambient (C)          | 98.9         |
| Junction Temperature (C) | 26.1         |
| Confidence Level         | Low          |
| Setting File             | ---          |
| Simulation Activity File | ---          |
| Design Nets Matched      | NA           |
+--------------------------+--------------+
* Specify Design Power Budget using, set_operating_conditions -design_power_budget <value in Watts>


1.1 On-Chip Components
----------------------

+-------------------------+-----------+----------+-----------+-----------------+
| On-Chip                 | Power (W) | Used     | Available | Utilization (%) |
+-------------------------+-----------+----------+-----------+-----------------+
| Clocks                  |     0.006 |        6 |       --- |             --- |
| Slice Logic             |     0.008 |    18181 |       --- |             --- |
|   LUT as Logic          |     0.006 |     2673 |     20800 |           12.85 |
|   Register              |    <0.001 |    10244 |     41600 |           24.63 |
|   LUT as Shift Register |    <0.001 |     2225 |      9600 |           23.18 |
|   CARRY4                |    <0.001 |      299 |      8150 |            3.67 |
|   BUFG                  |    <0.001 |       12 |        32 |           37.50 |
|   Others                |     0.000 |     1855 |       --- |             --- |
| Signals                 |     0.013 |    12065 |       --- |             --- |
| MMCM                    |     0.086 |        1 |         5 |           20.00 |
| I/O                     |     0.045 |       61 |       106 |           57.55 |
| Static Power            |     0.062 |          |           |                 |
| Total                   |     0.220 |          |           |                 |
+-------------------------+-----------+----------+-----------+-----------------+


1.2 Power Supply Summary
------------------------

+-----------+-------------+-----------+-------------+------------+
| Source    | Voltage (V) | Total (A) | Dynamic (A) | Static (A) |
+-----------+-------------+-----------+-------------+------------+
| Vccint    |       0.950 |     0.035 |       0.029 |      0.006 |
| Vccaux    |       1.800 |     0.061 |       0.049 |      0.011 |
| Vcco33    |       3.300 |     0.014 |       0.013 |      0.001 |
| Vcco25    |       2.500 |     0.000 |       0.000 |      0.000 |
| Vcco18    |       1.800 |     0.000 |       0.000 |      0.000 |
| Vcco15    |       1.500 |     0.000 |       0.000 |      0.000 |
| Vcco135   |       1.350 |     0.000 |       0.000 |      0.000 |
| Vcco12    |       1.200 |     0.000 |       0.000 |      0.000 |
| Vccaux_io |       1.800 |     0.000 |       0.000 |      0.000 |
| Vccbram   |       0.950 |     0.000 |       0.000 |      0.000 |
| MGTAVcc   |       1.000 |     0.000 |       0.000 |      0.000 |
| MGTAVtt   |       1.200 |     0.000 |       0.000 |      0.000 |
| Vccadc    |       1.800 |     0.018 |       0.000 |      0.018 |
+-----------+-------------+-----------+-------------+------------+


1.3 Confidence Level
--------------------

+-----------------------------+------------+--------------------------------------------------------+--------------------------------------------------------------------------------------------------------------------+
| User Input Data             | Confidence | Details                                                | Action                                                                                                             |
+-----------------------------+------------+--------------------------------------------------------+--------------------------------------------------------------------------------------------------------------------+
| Design implementation state | High       | Design is routed                                       |                                                                                                                    |
| Clock nodes activity        | Low        | User specified less than 75% of clocks                 | Provide missing clock activity with a constraint file, simulation results or by editing the "By Clock Domain" view |
| I/O nodes activity          | Low        | More than 75% of inputs are missing user specification | Provide missing input activity with simulation results or by editing the "By Resource Type -> I/Os" view           |
| Internal nodes activity     | Medium     | User specified less than 25% of internal nodes         | Provide missing internal nodes activity with simulation results or by editing the "By Resource Type" views         |
| Device models               | Medium     | Device models are not Production                       | Device models may change and in turn slightly affect accuracy                                                      |
|                             |            |                                                        |                                                                                                                    |
| Overall confidence level    | Low        |                                                        |                                                                                                                    |
+-----------------------------+------------+--------------------------------------------------------+--------------------------------------------------------------------------------------------------------------------+


2. Settings
-----------

2.1 Environment
---------------

+-----------------------+--------------------------+
| Ambient Temp (C)      | 25.0                     |
| ThetaJA (C/W)         | 5.0                      |
| Airflow (LFM)         | 250                      |
| Heat Sink             | medium (Medium Profile)  |
| ThetaSA (C/W)         | 4.6                      |
| Board Selection       | medium (10"x10")         |
| # of Board Layers     | 12to15 (12 to 15 Layers) |
| Board Temperature (C) | 25.0                     |
+-----------------------+--------------------------+


2.2 Clock Constraints
---------------------

+--------------------+-------------------------------------+-----------------+
| Clock              | Domain                              | Constraint (ns) |
+--------------------+-------------------------------------+-----------------+
| clk_out_clk_wiz_0  | light_clock/inst/clk_out_clk_wiz_0  |           200.0 |
| clkfbout_clk_wiz_0 | light_clock/inst/clkfbout_clk_wiz_0 |            50.0 |
| sys_clk_pin        | clk                                 |            10.0 |
| sys_clk_pin        | clk_IBUF                            |            10.0 |
+--------------------+-------------------------------------+-----------------+


3. Detailed Reports
-------------------

3.1 By Hierarchy
----------------

+----------------+-----------+
| Name           | Power (W) |
+----------------+-----------+
| toplevel       |     0.158 |
|   b0           |     0.003 |
|     d00        |     0.000 |
|     d01        |    <0.001 |
|     d02        |    <0.001 |
|     d03        |    <0.001 |
|     d04        |    <0.001 |
|     d05        |    <0.001 |
|     d06        |    <0.001 |
|     d07        |    <0.001 |
|     d08        |    <0.001 |
|     d09        |    <0.001 |
|     d10        |    <0.001 |
|     d11        |    <0.001 |
|     d12        |    <0.001 |
|     d13        |     0.000 |
|     d14        |     0.000 |
|     d15        |     0.000 |
|     t0         |     0.002 |
|       cd0      |     0.002 |
|     t1         |     0.002 |
|       cd0      |     0.002 |
|   display0     |    <0.001 |
|   display1     |    <0.001 |
|   k0           |     0.002 |
|     d00        |     0.000 |
|     d01        |    <0.001 |
|     d02        |    <0.001 |
|     d03        |    <0.001 |
|     d04        |    <0.001 |
|     d05        |    <0.001 |
|     d06        |    <0.001 |
|     d07        |    <0.001 |
|     d08        |    <0.001 |
|     d09        |     0.000 |
|     d10        |     0.000 |
|     d11        |     0.000 |
|     p0         |    <0.001 |
|       note1__0 |    <0.001 |
|       note2__0 |    <0.001 |
|       octave   |    <0.001 |
|     t0         |    <0.001 |
|       cd0      |    <0.001 |
|     t1         |    <0.001 |
|       cd0      |    <0.001 |
|     uut        |    <0.001 |
|       db_clk   |    <0.001 |
|       db_data  |    <0.001 |
|   l0           |     0.005 |
|     b0         |    <0.001 |
|       cd0      |    <0.001 |
|     b000       |    <0.001 |
|     b001       |    <0.001 |
|     b002       |    <0.001 |
|     b003       |    <0.001 |
|     b004       |    <0.001 |
|     b005       |    <0.001 |
|     b011       |    <0.001 |
|     b012       |    <0.001 |
|     b013       |    <0.001 |
|     b014       |    <0.001 |
|     b015       |    <0.001 |
|     b016       |    <0.001 |
|     b017       |    <0.001 |
|     b018       |    <0.001 |
|     b019       |    <0.001 |
|     b020       |    <0.001 |
|     b021       |    <0.001 |
|     b022       |    <0.001 |
|     b023       |    <0.001 |
|     b024       |    <0.001 |
|     b025       |    <0.001 |
|     b026       |    <0.001 |
|     b027       |    <0.001 |
|     b028       |    <0.001 |
|     b029       |    <0.001 |
|     b030       |    <0.001 |
|     b031       |    <0.001 |
|     b032       |    <0.001 |
|     b033       |    <0.001 |
|     b035       |    <0.001 |
|     b036       |    <0.001 |
|     b037       |    <0.001 |
|     b038       |    <0.001 |
|     b039       |    <0.001 |
|     b040       |    <0.001 |
|     b041       |    <0.001 |
|     b043       |    <0.001 |
|     b044       |    <0.001 |
|     b045       |    <0.001 |
|     b046       |    <0.001 |
|     b047       |    <0.001 |
|     b048       |    <0.001 |
|     b049       |    <0.001 |
|     b051       |    <0.001 |
|     b052       |    <0.001 |
|     b053       |    <0.001 |
|     b054       |    <0.001 |
|     b055       |    <0.001 |
|     b056       |    <0.001 |
|     b057       |    <0.001 |
|     b058       |    <0.001 |
|     b059       |    <0.001 |
|     b060       |    <0.001 |
|     b061       |    <0.001 |
|     b062       |    <0.001 |
|     b063       |    <0.001 |
|     b064       |    <0.001 |
|     b065       |    <0.001 |
|     b066       |    <0.001 |
|     b067       |    <0.001 |
|     b068       |    <0.001 |
|     b069       |    <0.001 |
|     b070       |    <0.001 |
|     b071       |    <0.001 |
|     b072       |    <0.001 |
|     b073       |    <0.001 |
|     b074       |    <0.001 |
|     b075       |    <0.001 |
|     b076       |    <0.001 |
|     b077       |    <0.001 |
|     b078       |    <0.001 |
|     b079       |    <0.001 |
|     b080       |    <0.001 |
|     b081       |    <0.001 |
|     b082       |    <0.001 |
|     b083       |    <0.001 |
|     b084       |    <0.001 |
|     b085       |    <0.001 |
|     b086       |    <0.001 |
|     b087       |    <0.001 |
|     b088       |    <0.001 |
|     b089       |    <0.001 |
|     b090       |    <0.001 |
|     b091       |    <0.001 |
|     b092       |    <0.001 |
|     b093       |    <0.001 |
|     b094       |    <0.001 |
|     b095       |    <0.001 |
|     b096       |    <0.001 |
|     b097       |    <0.001 |
|     b098       |    <0.001 |
|     b099       |    <0.001 |
|     b1         |    <0.001 |
|       cd0      |    <0.001 |
|     b100       |    <0.001 |
|     b101       |    <0.001 |
|     b102       |    <0.001 |
|     b103       |    <0.001 |
|     b104       |    <0.001 |
|     b105       |    <0.001 |
|     b106       |    <0.001 |
|     b107       |    <0.001 |
|     b108       |    <0.001 |
|     b109       |    <0.001 |
|     b110       |    <0.001 |
|     b111       |    <0.001 |
|     b112       |    <0.001 |
|     b113       |    <0.001 |
|     b114       |    <0.001 |
|     b115       |    <0.001 |
|     b116       |    <0.001 |
|     b117       |    <0.001 |
|     b118       |    <0.001 |
|     b119       |    <0.001 |
|     b120       |    <0.001 |
|     b121       |    <0.001 |
|     b122       |    <0.001 |
|     b123       |    <0.001 |
|     b124       |    <0.001 |
|     b125       |    <0.001 |
|     b126       |    <0.001 |
|     b127       |    <0.001 |
|     b128       |    <0.001 |
|     b129       |    <0.001 |
|     b130       |    <0.001 |
|     b131       |    <0.001 |
|     b132       |    <0.001 |
|     b133       |    <0.001 |
|     b134       |    <0.001 |
|     b135       |    <0.001 |
|     b136       |    <0.001 |
|     b137       |    <0.001 |
|     b138       |    <0.001 |
|     b139       |    <0.001 |
|     b140       |    <0.001 |
|     b141       |    <0.001 |
|     b142       |    <0.001 |
|     b143       |    <0.001 |
|     b144       |    <0.001 |
|     b145       |    <0.001 |
|     b146       |    <0.001 |
|     b147       |    <0.001 |
|     b148       |    <0.001 |
|     b149       |    <0.001 |
|     b150       |    <0.001 |
|     b151       |    <0.001 |
|     b152       |    <0.001 |
|     b153       |    <0.001 |
|     b154       |    <0.001 |
|     b155       |    <0.001 |
|     b156       |    <0.001 |
|     b157       |    <0.001 |
|     b158       |    <0.001 |
|     b159       |    <0.001 |
|     b160       |    <0.001 |
|     b161       |    <0.001 |
|     b162       |    <0.001 |
|     b163       |    <0.001 |
|     b164       |    <0.001 |
|     b165       |    <0.001 |
|     b166       |    <0.001 |
|     b167       |    <0.001 |
|     b168       |    <0.001 |
|     b169       |    <0.001 |
|     b170       |    <0.001 |
|     b171       |    <0.001 |
|     b172       |    <0.001 |
|     b173       |    <0.001 |
|     b174       |    <0.001 |
|     b175       |    <0.001 |
|     b176       |    <0.001 |
|     b177       |    <0.001 |
|     b178       |    <0.001 |
|     b179       |    <0.001 |
|     b180       |    <0.001 |
|     b181       |    <0.001 |
|     b182       |    <0.001 |
|     b183       |    <0.001 |
|     b184       |    <0.001 |
|     b185       |    <0.001 |
|     b186       |    <0.001 |
|     b187       |    <0.001 |
|     b188       |    <0.001 |
|     b189       |    <0.001 |
|     b190       |    <0.001 |
|     b191       |    <0.001 |
|     b192       |    <0.001 |
|     b193       |    <0.001 |
|     b194       |    <0.001 |
|     b195       |    <0.001 |
|     b196       |    <0.001 |
|     b197       |    <0.001 |
|     b198       |    <0.001 |
|     b199       |    <0.001 |
|     b200       |    <0.001 |
|     b201       |    <0.001 |
|     b202       |    <0.001 |
|     b203       |    <0.001 |
|     b204       |    <0.001 |
|     b205       |    <0.001 |
|     b206       |    <0.001 |
|     b207       |    <0.001 |
|     b208       |    <0.001 |
|     b209       |    <0.001 |
|     b210       |    <0.001 |
|     b211       |    <0.001 |
|     b212       |    <0.001 |
|     b213       |    <0.001 |
|     b214       |    <0.001 |
|     b215       |    <0.001 |
|     b216       |    <0.001 |
|     b217       |    <0.001 |
|     b218       |    <0.001 |
|     b219       |    <0.001 |
|     b220       |    <0.001 |
|     b221       |    <0.001 |
|     b222       |    <0.001 |
|     b223       |    <0.001 |
|     b224       |    <0.001 |
|     b225       |    <0.001 |
|     b226       |    <0.001 |
|     b227       |    <0.001 |
|     b228       |    <0.001 |
|     b229       |    <0.001 |
|     b230       |    <0.001 |
|     b231       |    <0.001 |
|     b232       |    <0.001 |
|     b233       |    <0.001 |
|     b234       |    <0.001 |
|     b235       |    <0.001 |
|     b236       |    <0.001 |
|     b237       |    <0.001 |
|     b238       |    <0.001 |
|     b239       |    <0.001 |
|     b240       |    <0.001 |
|     b241       |    <0.001 |
|     b242       |    <0.001 |
|     b243       |    <0.001 |
|     b244       |    <0.001 |
|     b245       |    <0.001 |
|     b246       |    <0.001 |
|     b247       |    <0.001 |
|     b248       |    <0.001 |
|     b249       |    <0.001 |
|     b250       |    <0.001 |
|     b251       |    <0.001 |
|     b252       |    <0.001 |
|     b253       |    <0.001 |
|     b254       |    <0.001 |
|     b255       |    <0.001 |
|     b256       |    <0.001 |
|     b257       |    <0.001 |
|     b258       |    <0.001 |
|     b259       |    <0.001 |
|     b260       |    <0.001 |
|     b261       |    <0.001 |
|     b262       |    <0.001 |
|     b263       |    <0.001 |
|     b264       |    <0.001 |
|     b265       |    <0.001 |
|     b266       |    <0.001 |
|     b267       |    <0.001 |
|     b268       |    <0.001 |
|     b269       |    <0.001 |
|     b270       |    <0.001 |
|     b271       |    <0.001 |
|     b272       |    <0.001 |
|     b273       |    <0.001 |
|     b274       |    <0.001 |
|     b275       |    <0.001 |
|     b276       |    <0.001 |
|     b277       |    <0.001 |
|     b278       |    <0.001 |
|     b279       |    <0.001 |
|     b280       |    <0.001 |
|     b281       |    <0.001 |
|     b282       |    <0.001 |
|     b283       |    <0.001 |
|     b284       |    <0.001 |
|     b285       |    <0.001 |
|     b286       |    <0.001 |
|     b287       |    <0.001 |
|     d00        |     0.000 |
|     d01        |    <0.001 |
|     d02        |    <0.001 |
|     d03        |    <0.001 |
|     d04        |    <0.001 |
|     d05        |    <0.001 |
|     d06        |    <0.001 |
|     d07        |    <0.001 |
|     d08        |    <0.001 |
|     d09        |     0.000 |
|     d10        |    <0.001 |
|     d11        |     0.000 |
|     d12        |     0.000 |
|     d13        |     0.000 |
|     m0         |    <0.001 |
|       cd0      |    <0.001 |
|     m000       |    <0.001 |
|     m001       |    <0.001 |
|     m002       |    <0.001 |
|     m003       |    <0.001 |
|     m013       |    <0.001 |
|     m014       |    <0.001 |
|     m015       |    <0.001 |
|     m029       |    <0.001 |
|     m030       |    <0.001 |
|     m031       |    <0.001 |
|     m032       |    <0.001 |
|     m033       |    <0.001 |
|     m034       |    <0.001 |
|     m035       |    <0.001 |
|     m036       |    <0.001 |
|     m037       |    <0.001 |
|     m038       |    <0.001 |
|     m039       |    <0.001 |
|     m040       |    <0.001 |
|     m041       |    <0.001 |
|     m042       |    <0.001 |
|     m043       |    <0.001 |
|     m044       |    <0.001 |
|     m045       |    <0.001 |
|     m046       |    <0.001 |
|     m047       |    <0.001 |
|     m048       |    <0.001 |
|     m049       |    <0.001 |
|     m050       |    <0.001 |
|     m051       |    <0.001 |
|     m052       |    <0.001 |
|     m053       |    <0.001 |
|     m054       |    <0.001 |
|     m055       |    <0.001 |
|     m056       |    <0.001 |
|     m057       |    <0.001 |
|     m058       |    <0.001 |
|     m059       |    <0.001 |
|     m060       |    <0.001 |
|     m061       |    <0.001 |
|     m062       |    <0.001 |
|     m063       |    <0.001 |
|     m065       |    <0.001 |
|     m066       |    <0.001 |
|     m067       |    <0.001 |
|     m073       |    <0.001 |
|     m074       |    <0.001 |
|     m075       |    <0.001 |
|     m076       |    <0.001 |
|     m077       |    <0.001 |
|     m078       |    <0.001 |
|     m079       |    <0.001 |
|     m081       |    <0.001 |
|     m082       |    <0.001 |
|     m083       |    <0.001 |
|     m084       |    <0.001 |
|     m085       |    <0.001 |
|     m086       |    <0.001 |
|     m087       |    <0.001 |
|     m089       |    <0.001 |
|     m090       |    <0.001 |
|     m091       |    <0.001 |
|     m092       |    <0.001 |
|     m093       |    <0.001 |
|     m094       |    <0.001 |
|     m095       |    <0.001 |
|     m097       |    <0.001 |
|     m098       |    <0.001 |
|     m099       |    <0.001 |
|     m1         |    <0.001 |
|       cd0      |    <0.001 |
|     m105       |    <0.001 |
|     m106       |    <0.001 |
|     m107       |    <0.001 |
|     m108       |    <0.001 |
|     m109       |    <0.001 |
|     m110       |    <0.001 |
|     m111       |    <0.001 |
|     m112       |    <0.001 |
|     m113       |    <0.001 |
|     m114       |    <0.001 |
|     m115       |    <0.001 |
|     m116       |    <0.001 |
|     m117       |    <0.001 |
|     m118       |    <0.001 |
|     m119       |    <0.001 |
|     m120       |    <0.001 |
|     m121       |    <0.001 |
|     m122       |    <0.001 |
|     m123       |    <0.001 |
|     m124       |    <0.001 |
|     m125       |    <0.001 |
|     m126       |    <0.001 |
|     m127       |    <0.001 |
|     m128       |    <0.001 |
|     m129       |    <0.001 |
|     m130       |    <0.001 |
|     m131       |    <0.001 |
|     m132       |    <0.001 |
|     m133       |    <0.001 |
|     m134       |    <0.001 |
|     m135       |    <0.001 |
|     m136       |    <0.001 |
|     m137       |    <0.001 |
|     m138       |    <0.001 |
|     m139       |    <0.001 |
|     m140       |    <0.001 |
|     m141       |    <0.001 |
|     m142       |    <0.001 |
|     m143       |    <0.001 |
|     m144       |    <0.001 |
|     m145       |    <0.001 |
|     m146       |    <0.001 |
|     m147       |    <0.001 |
|     m148       |    <0.001 |
|     m149       |    <0.001 |
|     m150       |    <0.001 |
|     m151       |    <0.001 |
|     m152       |    <0.001 |
|     m153       |    <0.001 |
|     m154       |    <0.001 |
|     m155       |    <0.001 |
|     m156       |    <0.001 |
|     m157       |    <0.001 |
|     m158       |    <0.001 |
|     m159       |    <0.001 |
|     m160       |    <0.001 |
|     m161       |    <0.001 |
|     m162       |    <0.001 |
|     m163       |    <0.001 |
|     m164       |    <0.001 |
|     m165       |    <0.001 |
|     m166       |    <0.001 |
|     m167       |    <0.001 |
|     m168       |    <0.001 |
|     m169       |    <0.001 |
|     m170       |    <0.001 |
|     m171       |    <0.001 |
|     m172       |    <0.001 |
|     m173       |    <0.001 |
|     m174       |    <0.001 |
|     m175       |    <0.001 |
|     m176       |    <0.001 |
|     m177       |    <0.001 |
|     m178       |    <0.001 |
|     m179       |    <0.001 |
|     m180       |    <0.001 |
|     m181       |    <0.001 |
|     m182       |    <0.001 |
|     m183       |    <0.001 |
|     m184       |    <0.001 |
|     m185       |    <0.001 |
|     m186       |    <0.001 |
|     m187       |    <0.001 |
|     m188       |    <0.001 |
|     m189       |    <0.001 |
|     m190       |    <0.001 |
|     m191       |    <0.001 |
|     m192       |    <0.001 |
|     m193       |    <0.001 |
|     m194       |    <0.001 |
|     m195       |    <0.001 |
|     m196       |    <0.001 |
|     m197       |    <0.001 |
|     m198       |    <0.001 |
|     m199       |    <0.001 |
|     m200       |    <0.001 |
|     m201       |    <0.001 |
|     m202       |    <0.001 |
|     m203       |    <0.001 |
|     m204       |    <0.001 |
|     m205       |    <0.001 |
|     m206       |    <0.001 |
|     m207       |    <0.001 |
|     m208       |    <0.001 |
|     m209       |    <0.001 |
|     m210       |    <0.001 |
|     m211       |    <0.001 |
|     m212       |    <0.001 |
|     m213       |    <0.001 |
|     m214       |    <0.001 |
|     m215       |    <0.001 |
|     m216       |    <0.001 |
|     m217       |    <0.001 |
|     m218       |    <0.001 |
|     m219       |    <0.001 |
|     m220       |    <0.001 |
|     m221       |    <0.001 |
|     m222       |    <0.001 |
|     m223       |    <0.001 |
|     m224       |    <0.001 |
|     m225       |    <0.001 |
|     m226       |    <0.001 |
|     m227       |    <0.001 |
|     m228       |    <0.001 |
|     m229       |    <0.001 |
|     m230       |    <0.001 |
|     m231       |    <0.001 |
|     m232       |    <0.001 |
|     m233       |    <0.001 |
|     m234       |    <0.001 |
|     m235       |    <0.001 |
|     m236       |    <0.001 |
|     m237       |    <0.001 |
|     m238       |    <0.001 |
|     m239       |    <0.001 |
|     m240       |    <0.001 |
|     m241       |    <0.001 |
|     m242       |    <0.001 |
|     m243       |    <0.001 |
|     m244       |    <0.001 |
|     m245       |    <0.001 |
|     m246       |    <0.001 |
|     m247       |    <0.001 |
|     m248       |    <0.001 |
|     m249       |    <0.001 |
|     m250       |    <0.001 |
|     m251       |    <0.001 |
|     m252       |    <0.001 |
|     m253       |    <0.001 |
|     m254       |    <0.001 |
|     m255       |    <0.001 |
|     m256       |    <0.001 |
|     m257       |    <0.001 |
|     m258       |    <0.001 |
|     m259       |    <0.001 |
|     m260       |    <0.001 |
|     m261       |    <0.001 |
|     m262       |    <0.001 |
|     m263       |    <0.001 |
|     m264       |    <0.001 |
|     m265       |    <0.001 |
|     m266       |    <0.001 |
|     m267       |    <0.001 |
|     m268       |    <0.001 |
|     m269       |    <0.001 |
|     m270       |    <0.001 |
|     m271       |    <0.001 |
|     m272       |    <0.001 |
|     m273       |    <0.001 |
|     m274       |    <0.001 |
|     m275       |    <0.001 |
|     m276       |    <0.001 |
|     m277       |    <0.001 |
|     m278       |    <0.001 |
|     m279       |    <0.001 |
|     m280       |    <0.001 |
|     m281       |    <0.001 |
|     m282       |    <0.001 |
|     m283       |    <0.001 |
|     m284       |    <0.001 |
|     m285       |    <0.001 |
|     m286       |    <0.001 |
|     m287       |    <0.001 |
|   light_clock  |     0.086 |
|     inst       |     0.086 |
|   ls0          |    <0.001 |
|   m0           |    <0.001 |
|     mfinal     |    <0.001 |
|   mode         |     0.003 |
|   scan0        |    <0.001 |
|     c0         |    <0.001 |
|     c1         |    <0.001 |
|     led_add0   |    <0.001 |
|     led_add1   |    <0.001 |
|     led_reg0   |    <0.001 |
|     led_reg1   |    <0.001 |
|   scan1        |    <0.001 |
|     c0         |    <0.001 |
|     c1         |    <0.001 |
|     led_add0   |    <0.001 |
|     led_add1   |    <0.001 |
|     led_reg0   |    <0.001 |
|     led_reg1   |    <0.001 |
|   scan2        |    <0.001 |
|     c0         |    <0.001 |
|     c1         |    <0.001 |
|     c2         |    <0.001 |
|     c3         |    <0.001 |
|     led_alu0   |    <0.001 |
|     led_alu1   |    <0.001 |
|     led_alu2   |    <0.001 |
|     led_alu3   |    <0.001 |
|     led_reg0   |    <0.001 |
|     led_reg1   |    <0.001 |
|     led_reg2   |    <0.001 |
|     led_reg3   |    <0.001 |
|   scan3        |    <0.001 |
|     c0         |    <0.001 |
|     c1         |    <0.001 |
|     c2         |    <0.001 |
|     c3         |    <0.001 |
|     led_alu0   |    <0.001 |
|     led_alu1   |    <0.001 |
|     led_alu2   |    <0.001 |
|     led_alu3   |    <0.001 |
|     led_reg0   |    <0.001 |
|     led_reg1   |    <0.001 |
|     led_reg2   |    <0.001 |
|     led_reg3   |    <0.001 |
|   scroll       |    <0.001 |
|   song         |    <0.001 |
|   z0           |     0.006 |
|     b0         |    <0.001 |
|       cd0      |    <0.001 |
|     b0000      |    <0.001 |
|     b0001      |    <0.001 |
|     b0002      |    <0.001 |
|     b0003      |    <0.001 |
|     b0004      |    <0.001 |
|     b0005      |    <0.001 |
|     b0009      |    <0.001 |
|     b0010      |    <0.001 |
|     b0011      |    <0.001 |
|     b0012      |    <0.001 |
|     b0013      |    <0.001 |
|     b0014      |    <0.001 |
|     b0015      |    <0.001 |
|     b0016      |    <0.001 |
|     b0017      |    <0.001 |
|     b0018      |    <0.001 |
|     b0021      |    <0.001 |
|     b0022      |    <0.001 |
|     b0023      |    <0.001 |
|     b0024      |    <0.001 |
|     b0025      |    <0.001 |
|     b0026      |    <0.001 |
|     b0027      |    <0.001 |
|     b0028      |    <0.001 |
|     b0029      |    <0.001 |
|     b0030      |    <0.001 |
|     b0031      |    <0.001 |
|     b0033      |    <0.001 |
|     b0034      |    <0.001 |
|     b0035      |    <0.001 |
|     b0036      |    <0.001 |
|     b0037      |    <0.001 |
|     b0038      |    <0.001 |
|     b0039      |    <0.001 |
|     b0040      |    <0.001 |
|     b0041      |    <0.001 |
|     b0045      |    <0.001 |
|     b0046      |    <0.001 |
|     b0047      |    <0.001 |
|     b0048      |    <0.001 |
|     b0049      |    <0.001 |
|     b0050      |    <0.001 |
|     b0051      |    <0.001 |
|     b0052      |    <0.001 |
|     b0053      |    <0.001 |
|     b0054      |    <0.001 |
|     b0057      |    <0.001 |
|     b0058      |    <0.001 |
|     b0059      |    <0.001 |
|     b0060      |    <0.001 |
|     b0061      |    <0.001 |
|     b0062      |    <0.001 |
|     b0063      |    <0.001 |
|     b0064      |    <0.001 |
|     b0065      |    <0.001 |
|     b0066      |    <0.001 |
|     b0069      |    <0.001 |
|     b0070      |    <0.001 |
|     b0071      |    <0.001 |
|     b0072      |    <0.001 |
|     b0073      |    <0.001 |
|     b0074      |    <0.001 |
|     b0075      |    <0.001 |
|     b0076      |    <0.001 |
|     b0077      |    <0.001 |
|     b0078      |    <0.001 |
|     b0079      |    <0.001 |
|     b0081      |    <0.001 |
|     b0082      |    <0.001 |
|     b0083      |    <0.001 |
|     b0084      |    <0.001 |
|     b0085      |    <0.001 |
|     b0086      |    <0.001 |
|     b0087      |    <0.001 |
|     b0088      |    <0.001 |
|     b0089      |    <0.001 |
|     b0090      |    <0.001 |
|     b0093      |    <0.001 |
|     b0094      |    <0.001 |
|     b0095      |    <0.001 |
|     b0096      |    <0.001 |
|     b0097      |    <0.001 |
|     b0098      |    <0.001 |
|     b0099      |    <0.001 |
|     b0100      |    <0.001 |
|     b0101      |    <0.001 |
|     b0102      |    <0.001 |
|     b0105      |    <0.001 |
|     b0106      |    <0.001 |
|     b0107      |    <0.001 |
|     b0108      |    <0.001 |
|     b0109      |    <0.001 |
|     b0110      |    <0.001 |
|     b0111      |    <0.001 |
|     b0112      |    <0.001 |
|     b0113      |    <0.001 |
|     b0114      |    <0.001 |
|     b0117      |    <0.001 |
|     b0118      |    <0.001 |
|     b0119      |    <0.001 |
|     b0120      |    <0.001 |
|     b0121      |    <0.001 |
|     b0122      |    <0.001 |
|     b0123      |    <0.001 |
|     b0124      |    <0.001 |
|     b0125      |    <0.001 |
|     b0126      |    <0.001 |
|     b0127      |    <0.001 |
|     b0129      |    <0.001 |
|     b0130      |    <0.001 |
|     b0131      |    <0.001 |
|     b0132      |    <0.001 |
|     b0133      |    <0.001 |
|     b0134      |    <0.001 |
|     b0135      |    <0.001 |
|     b0136      |    <0.001 |
|     b0137      |    <0.001 |
|     b0138      |    <0.001 |
|     b0141      |    <0.001 |
|     b0142      |    <0.001 |
|     b0143      |    <0.001 |
|     b0144      |    <0.001 |
|     b0145      |    <0.001 |
|     b0146      |    <0.001 |
|     b0147      |    <0.001 |
|     b0148      |    <0.001 |
|     b0149      |    <0.001 |
|     b0150      |    <0.001 |
|     b0153      |    <0.001 |
|     b0154      |    <0.001 |
|     b0155      |    <0.001 |
|     b0156      |    <0.001 |
|     b0157      |    <0.001 |
|     b0158      |    <0.001 |
|     b0159      |    <0.001 |
|     b0160      |    <0.001 |
|     b0161      |    <0.001 |
|     b0162      |    <0.001 |
|     b0165      |    <0.001 |
|     b0166      |    <0.001 |
|     b0167      |    <0.001 |
|     b0168      |    <0.001 |
|     b0169      |    <0.001 |
|     b0170      |    <0.001 |
|     b0171      |    <0.001 |
|     b0172      |    <0.001 |
|     b0173      |    <0.001 |
|     b0174      |    <0.001 |
|     b0175      |    <0.001 |
|     b0177      |    <0.001 |
|     b0178      |    <0.001 |
|     b0179      |    <0.001 |
|     b0180      |    <0.001 |
|     b0181      |    <0.001 |
|     b0182      |    <0.001 |
|     b0183      |    <0.001 |
|     b0184      |    <0.001 |
|     b0185      |    <0.001 |
|     b0186      |    <0.001 |
|     b0189      |    <0.001 |
|     b0190      |    <0.001 |
|     b0191      |    <0.001 |
|     b0192      |    <0.001 |
|     b0193      |    <0.001 |
|     b0194      |    <0.001 |
|     b0195      |    <0.001 |
|     b0196      |    <0.001 |
|     b0197      |    <0.001 |
|     b0198      |    <0.001 |
|     b0201      |    <0.001 |
|     b0202      |    <0.001 |
|     b0203      |    <0.001 |
|     b0204      |    <0.001 |
|     b0205      |    <0.001 |
|     b0206      |    <0.001 |
|     b0207      |    <0.001 |
|     b0208      |    <0.001 |
|     b0209      |    <0.001 |
|     b0210      |    <0.001 |
|     b0213      |    <0.001 |
|     b0214      |    <0.001 |
|     b0215      |    <0.001 |
|     b0216      |    <0.001 |
|     b0217      |    <0.001 |
|     b0218      |    <0.001 |
|     b0219      |    <0.001 |
|     b0220      |    <0.001 |
|     b0221      |    <0.001 |
|     b0222      |    <0.001 |
|     b0223      |    <0.001 |
|     b0225      |    <0.001 |
|     b0226      |    <0.001 |
|     b0227      |    <0.001 |
|     b0228      |    <0.001 |
|     b0229      |    <0.001 |
|     b0230      |    <0.001 |
|     b0231      |    <0.001 |
|     b0232      |    <0.001 |
|     b0233      |    <0.001 |
|     b0234      |    <0.001 |
|     b0237      |    <0.001 |
|     b0238      |    <0.001 |
|     b0239      |    <0.001 |
|     b0240      |    <0.001 |
|     b0241      |    <0.001 |
|     b0242      |    <0.001 |
|     b0243      |    <0.001 |
|     b0244      |    <0.001 |
|     b0245      |    <0.001 |
|     b0246      |    <0.001 |
|     b0249      |    <0.001 |
|     b0250      |    <0.001 |
|     b0251      |    <0.001 |
|     b0252      |    <0.001 |
|     b0253      |    <0.001 |
|     b0254      |    <0.001 |
|     b0255      |    <0.001 |
|     b0256      |    <0.001 |
|     b0257      |    <0.001 |
|     b0258      |    <0.001 |
|     b0261      |    <0.001 |
|     b0262      |    <0.001 |
|     b0263      |    <0.001 |
|     b0264      |    <0.001 |
|     b0265      |    <0.001 |
|     b0266      |    <0.001 |
|     b0267      |    <0.001 |
|     b0268      |    <0.001 |
|     b0269      |    <0.001 |
|     b0270      |    <0.001 |
|     b0271      |    <0.001 |
|     b0273      |    <0.001 |
|     b0274      |    <0.001 |
|     b0275      |    <0.001 |
|     b0276      |    <0.001 |
|     b0277      |    <0.001 |
|     b0278      |    <0.001 |
|     b0279      |    <0.001 |
|     b0280      |    <0.001 |
|     b0281      |    <0.001 |
|     b0282      |    <0.001 |
|     b0284      |     0.000 |
|     b0285      |    <0.001 |
|     b0286      |    <0.001 |
|     b0287      |    <0.001 |
|     b0288      |    <0.001 |
|     b0289      |    <0.001 |
|     b0290      |    <0.001 |
|     b0291      |    <0.001 |
|     b0292      |    <0.001 |
|     b0293      |    <0.001 |
|     b0294      |    <0.001 |
|     b0297      |    <0.001 |
|     b0298      |    <0.001 |
|     b0299      |    <0.001 |
|     b0300      |    <0.001 |
|     b0301      |    <0.001 |
|     b0302      |    <0.001 |
|     b0303      |    <0.001 |
|     b0304      |    <0.001 |
|     b0305      |    <0.001 |
|     b0306      |    <0.001 |
|     b0309      |    <0.001 |
|     b0310      |    <0.001 |
|     b0311      |    <0.001 |
|     b0312      |    <0.001 |
|     b0313      |    <0.001 |
|     b0314      |    <0.001 |
|     b0315      |    <0.001 |
|     b0316      |    <0.001 |
|     b0317      |    <0.001 |
|     b0318      |    <0.001 |
|     b0319      |    <0.001 |
|     b0321      |    <0.001 |
|     b0322      |    <0.001 |
|     b0323      |    <0.001 |
|     b0324      |    <0.001 |
|     b0325      |    <0.001 |
|     b0326      |    <0.001 |
|     b0327      |    <0.001 |
|     b0328      |    <0.001 |
|     b0329      |    <0.001 |
|     b0330      |    <0.001 |
|     b0333      |    <0.001 |
|     b0334      |    <0.001 |
|     b0335      |    <0.001 |
|     b0336      |    <0.001 |
|     b0337      |    <0.001 |
|     b0338      |    <0.001 |
|     b0339      |    <0.001 |
|     b0340      |    <0.001 |
|     b0341      |    <0.001 |
|     b0342      |    <0.001 |
|     b0345      |    <0.001 |
|     b0346      |    <0.001 |
|     b0347      |    <0.001 |
|     b0348      |    <0.001 |
|     b0349      |    <0.001 |
|     b0350      |    <0.001 |
|     b0351      |    <0.001 |
|     b0352      |    <0.001 |
|     b0353      |    <0.001 |
|     b0354      |    <0.001 |
|     b0357      |    <0.001 |
|     b0358      |    <0.001 |
|     b0359      |    <0.001 |
|     b0360      |    <0.001 |
|     b0361      |    <0.001 |
|     b0362      |    <0.001 |
|     b0363      |    <0.001 |
|     b0364      |    <0.001 |
|     b0365      |    <0.001 |
|     b0366      |    <0.001 |
|     b0367      |    <0.001 |
|     b0369      |    <0.001 |
|     b0370      |    <0.001 |
|     b0371      |    <0.001 |
|     b0372      |    <0.001 |
|     b0373      |    <0.001 |
|     b0374      |    <0.001 |
|     b0375      |    <0.001 |
|     b0376      |    <0.001 |
|     b0377      |    <0.001 |
|     b0378      |    <0.001 |
|     b0380      |    <0.001 |
|     b0381      |    <0.001 |
|     b0382      |    <0.001 |
|     b0383      |    <0.001 |
|     b0384      |    <0.001 |
|     b0385      |    <0.001 |
|     b0386      |    <0.001 |
|     b0387      |    <0.001 |
|     b0388      |    <0.001 |
|     b0389      |    <0.001 |
|     b0390      |    <0.001 |
|     b0393      |    <0.001 |
|     b0394      |    <0.001 |
|     b0395      |    <0.001 |
|     b0396      |    <0.001 |
|     b0397      |    <0.001 |
|     b0398      |    <0.001 |
|     b0399      |    <0.001 |
|     b0400      |    <0.001 |
|     b0401      |    <0.001 |
|     b0402      |    <0.001 |
|     b0405      |    <0.001 |
|     b0406      |    <0.001 |
|     b0407      |    <0.001 |
|     b0408      |    <0.001 |
|     b0409      |    <0.001 |
|     b0410      |    <0.001 |
|     b0411      |    <0.001 |
|     b0412      |    <0.001 |
|     b0413      |    <0.001 |
|     b0414      |    <0.001 |
|     b0415      |    <0.001 |
|     b0417      |    <0.001 |
|     b0418      |    <0.001 |
|     b0419      |    <0.001 |
|     b0420      |    <0.001 |
|     b0421      |    <0.001 |
|     b0422      |    <0.001 |
|     b0423      |    <0.001 |
|     b0424      |    <0.001 |
|     b0425      |    <0.001 |
|     b0426      |    <0.001 |
|     b0428      |    <0.001 |
|     b0429      |    <0.001 |
|     b0430      |    <0.001 |
|     b0431      |    <0.001 |
|     b0432      |    <0.001 |
|     b0433      |    <0.001 |
|     b0434      |    <0.001 |
|     b0435      |    <0.001 |
|     b0436      |    <0.001 |
|     b0437      |    <0.001 |
|     b0438      |    <0.001 |
|     b0439      |    <0.001 |
|     b0440      |    <0.001 |
|     b0441      |    <0.001 |
|     b0442      |    <0.001 |
|     b0443      |    <0.001 |
|     b0444      |    <0.001 |
|     b0445      |    <0.001 |
|     b0446      |    <0.001 |
|     b0447      |    <0.001 |
|     b0448      |    <0.001 |
|     b0449      |    <0.001 |
|     b0450      |    <0.001 |
|     b0451      |    <0.001 |
|     b0452      |    <0.001 |
|     b0453      |    <0.001 |
|     b0454      |    <0.001 |
|     b0455      |    <0.001 |
|     b0456      |    <0.001 |
|     b0457      |    <0.001 |
|     b0458      |    <0.001 |
|     b0459      |    <0.001 |
|     b0460      |    <0.001 |
|     b0461      |    <0.001 |
|     b0462      |    <0.001 |
|     b0463      |    <0.001 |
|     b0464      |    <0.001 |
|     b0465      |    <0.001 |
|     b0466      |    <0.001 |
|     b0467      |    <0.001 |
|     b0468      |    <0.001 |
|     b0469      |    <0.001 |
|     b0470      |    <0.001 |
|     b0471      |    <0.001 |
|     b0472      |    <0.001 |
|     b0473      |    <0.001 |
|     b0474      |    <0.001 |
|     b0475      |    <0.001 |
|     b0476      |    <0.001 |
|     b0477      |    <0.001 |
|     b0478      |    <0.001 |
|     b0479      |    <0.001 |
|     b0480      |    <0.001 |
|     b0481      |    <0.001 |
|     b0482      |    <0.001 |
|     b0483      |    <0.001 |
|     b0484      |    <0.001 |
|     b0485      |    <0.001 |
|     b0486      |    <0.001 |
|     b0487      |    <0.001 |
|     b0488      |    <0.001 |
|     b0489      |    <0.001 |
|     b0490      |    <0.001 |
|     b0491      |    <0.001 |
|     b0492      |    <0.001 |
|     b0493      |    <0.001 |
|     b0494      |    <0.001 |
|     b0495      |    <0.001 |
|     b0496      |    <0.001 |
|     b0497      |    <0.001 |
|     b0498      |    <0.001 |
|     b0499      |    <0.001 |
|     b0500      |    <0.001 |
|     b0501      |    <0.001 |
|     b0502      |    <0.001 |
|     b0503      |    <0.001 |
|     b0504      |    <0.001 |
|     b0505      |    <0.001 |
|     b0506      |    <0.001 |
|     b0507      |    <0.001 |
|     b0508      |    <0.001 |
|     b0509      |    <0.001 |
|     b0510      |    <0.001 |
|     b0511      |    <0.001 |
|     b0512      |    <0.001 |
|     b0513      |    <0.001 |
|     b0514      |    <0.001 |
|     b0515      |    <0.001 |
|     b0516      |    <0.001 |
|     b0517      |    <0.001 |
|     b0518      |    <0.001 |
|     b0519      |    <0.001 |
|     b0520      |    <0.001 |
|     b0521      |    <0.001 |
|     b0522      |    <0.001 |
|     b0523      |    <0.001 |
|     b0524      |    <0.001 |
|     b0525      |    <0.001 |
|     b0526      |    <0.001 |
|     b0527      |    <0.001 |
|     b0528      |    <0.001 |
|     b0529      |    <0.001 |
|     b0530      |    <0.001 |
|     b0531      |    <0.001 |
|     b0532      |    <0.001 |
|     b0533      |    <0.001 |
|     b0534      |    <0.001 |
|     b0535      |    <0.001 |
|     b0536      |    <0.001 |
|     b0537      |    <0.001 |
|     b0538      |    <0.001 |
|     b0539      |    <0.001 |
|     b0540      |    <0.001 |
|     b0541      |    <0.001 |
|     b0542      |    <0.001 |
|     b0543      |    <0.001 |
|     b0544      |    <0.001 |
|     b0545      |    <0.001 |
|     b0546      |    <0.001 |
|     b0547      |    <0.001 |
|     b0548      |    <0.001 |
|     b0549      |    <0.001 |
|     b0550      |    <0.001 |
|     b0551      |    <0.001 |
|     b0552      |    <0.001 |
|     b0553      |    <0.001 |
|     b0554      |    <0.001 |
|     b0555      |    <0.001 |
|     b0556      |    <0.001 |
|     b0557      |    <0.001 |
|     b0558      |    <0.001 |
|     b0559      |    <0.001 |
|     b0560      |    <0.001 |
|     b0561      |    <0.001 |
|     b0562      |    <0.001 |
|     b0563      |    <0.001 |
|     b0564      |    <0.001 |
|     b0565      |    <0.001 |
|     b0566      |    <0.001 |
|     b0567      |    <0.001 |
|     b0568      |    <0.001 |
|     b0569      |    <0.001 |
|     b0570      |    <0.001 |
|     b0571      |    <0.001 |
|     b0572      |    <0.001 |
|     b0573      |    <0.001 |
|     b0574      |    <0.001 |
|     b0575      |    <0.001 |
|     b0576      |    <0.001 |
|     b0577      |    <0.001 |
|     b0578      |    <0.001 |
|     b0579      |    <0.001 |
|     b0580      |    <0.001 |
|     b0581      |    <0.001 |
|     b0582      |    <0.001 |
|     b0583      |    <0.001 |
|     b0584      |    <0.001 |
|     b0585      |    <0.001 |
|     b0586      |    <0.001 |
|     b0587      |    <0.001 |
|     b0588      |    <0.001 |
|     b0589      |    <0.001 |
|     b0590      |    <0.001 |
|     b0591      |    <0.001 |
|     b0592      |    <0.001 |
|     b0593      |    <0.001 |
|     b0594      |    <0.001 |
|     b0595      |    <0.001 |
|     b0596      |    <0.001 |
|     b0597      |    <0.001 |
|     b0598      |    <0.001 |
|     b0599      |    <0.001 |
|     b0600      |    <0.001 |
|     b0601      |    <0.001 |
|     b0602      |    <0.001 |
|     b0603      |    <0.001 |
|     b0604      |    <0.001 |
|     b0605      |    <0.001 |
|     b0606      |    <0.001 |
|     b0607      |    <0.001 |
|     b0608      |    <0.001 |
|     b0609      |    <0.001 |
|     b0610      |    <0.001 |
|     b0611      |    <0.001 |
|     b0612      |    <0.001 |
|     b0613      |    <0.001 |
|     b0614      |    <0.001 |
|     b0615      |    <0.001 |
|     b0616      |    <0.001 |
|     b0617      |    <0.001 |
|     b0618      |    <0.001 |
|     b0619      |    <0.001 |
|     b0620      |    <0.001 |
|     b0621      |    <0.001 |
|     b0622      |    <0.001 |
|     b0623      |    <0.001 |
|     b0624      |    <0.001 |
|     b0625      |    <0.001 |
|     b0626      |    <0.001 |
|     b0627      |    <0.001 |
|     b0628      |    <0.001 |
|     b0629      |    <0.001 |
|     b0630      |    <0.001 |
|     b0631      |    <0.001 |
|     b0632      |    <0.001 |
|     b0633      |    <0.001 |
|     b0634      |    <0.001 |
|     b0635      |    <0.001 |
|     b0636      |    <0.001 |
|     b0637      |    <0.001 |
|     b0638      |    <0.001 |
|     b0639      |    <0.001 |
|     b0640      |    <0.001 |
|     b0641      |    <0.001 |
|     b0642      |    <0.001 |
|     b0643      |    <0.001 |
|     b0644      |    <0.001 |
|     b0645      |    <0.001 |
|     b0646      |    <0.001 |
|     b0647      |    <0.001 |
|     b0648      |    <0.001 |
|     b0649      |    <0.001 |
|     b0650      |    <0.001 |
|     b0651      |    <0.001 |
|     b0652      |    <0.001 |
|     b0653      |    <0.001 |
|     b0654      |    <0.001 |
|     b0655      |    <0.001 |
|     b0656      |    <0.001 |
|     b0657      |    <0.001 |
|     b0658      |    <0.001 |
|     b0659      |    <0.001 |
|     b0660      |    <0.001 |
|     b0661      |    <0.001 |
|     b0662      |    <0.001 |
|     b0663      |    <0.001 |
|     b0664      |    <0.001 |
|     b0665      |    <0.001 |
|     b0666      |    <0.001 |
|     b0667      |    <0.001 |
|     b0668      |    <0.001 |
|     b0669      |    <0.001 |
|     b0670      |    <0.001 |
|     b0671      |    <0.001 |
|     b0672      |    <0.001 |
|     b0673      |    <0.001 |
|     b0674      |    <0.001 |
|     b0675      |    <0.001 |
|     b0676      |    <0.001 |
|     b0677      |    <0.001 |
|     b0678      |    <0.001 |
|     b0679      |    <0.001 |
|     b0680      |    <0.001 |
|     b0681      |    <0.001 |
|     b0682      |    <0.001 |
|     b0683      |    <0.001 |
|     b0684      |    <0.001 |
|     b0685      |    <0.001 |
|     b0686      |    <0.001 |
|     b0687      |    <0.001 |
|     b0688      |    <0.001 |
|     b0689      |    <0.001 |
|     b0690      |    <0.001 |
|     b0691      |    <0.001 |
|     b0692      |    <0.001 |
|     b0693      |    <0.001 |
|     b0694      |    <0.001 |
|     b0695      |    <0.001 |
|     b0696      |    <0.001 |
|     b0697      |    <0.001 |
|     b0698      |    <0.001 |
|     b0699      |    <0.001 |
|     b0700      |    <0.001 |
|     b0701      |    <0.001 |
|     b0702      |    <0.001 |
|     b0703      |    <0.001 |
|     b0704      |    <0.001 |
|     b0705      |    <0.001 |
|     b0706      |    <0.001 |
|     b0707      |    <0.001 |
|     b0708      |    <0.001 |
|     b0709      |    <0.001 |
|     b0710      |    <0.001 |
|     b0711      |    <0.001 |
|     b0712      |    <0.001 |
|     b0713      |    <0.001 |
|     b0714      |    <0.001 |
|     b0715      |    <0.001 |
|     b0716      |    <0.001 |
|     b0717      |    <0.001 |
|     b0718      |    <0.001 |
|     b0719      |    <0.001 |
|     b0720      |    <0.001 |
|     b0721      |    <0.001 |
|     b0722      |    <0.001 |
|     b0723      |    <0.001 |
|     b0724      |    <0.001 |
|     b0725      |    <0.001 |
|     b0726      |    <0.001 |
|     b0727      |    <0.001 |
|     b0728      |    <0.001 |
|     b0729      |    <0.001 |
|     b0730      |    <0.001 |
|     b0731      |    <0.001 |
|     b0732      |    <0.001 |
|     b0733      |    <0.001 |
|     b0734      |    <0.001 |
|     b0735      |    <0.001 |
|     b0736      |    <0.001 |
|     b0737      |    <0.001 |
|     b0738      |    <0.001 |
|     b0739      |    <0.001 |
|     b0740      |    <0.001 |
|     b0741      |    <0.001 |
|     b0742      |    <0.001 |
|     b0743      |    <0.001 |
|     b0744      |    <0.001 |
|     b0745      |    <0.001 |
|     b0746      |    <0.001 |
|     b0747      |    <0.001 |
|     b0748      |    <0.001 |
|     b0749      |    <0.001 |
|     b0750      |    <0.001 |
|     b0751      |    <0.001 |
|     b0752      |    <0.001 |
|     b0753      |    <0.001 |
|     b0754      |    <0.001 |
|     b0755      |    <0.001 |
|     b0756      |    <0.001 |
|     b0757      |    <0.001 |
|     b0758      |    <0.001 |
|     b0759      |    <0.001 |
|     b0760      |    <0.001 |
|     b0761      |    <0.001 |
|     b0762      |    <0.001 |
|     b0763      |    <0.001 |
|     b0764      |    <0.001 |
|     b0765      |    <0.001 |
|     b0766      |    <0.001 |
|     b0767      |    <0.001 |
|     b0768      |    <0.001 |
|     b0769      |    <0.001 |
|     b0770      |    <0.001 |
|     b0771      |    <0.001 |
|     b0772      |    <0.001 |
|     b0773      |    <0.001 |
|     b0774      |    <0.001 |
|     b0775      |    <0.001 |
|     b0776      |    <0.001 |
|     b0777      |    <0.001 |
|     b0778      |    <0.001 |
|     b0779      |    <0.001 |
|     b0780      |    <0.001 |
|     b0781      |    <0.001 |
|     b0782      |    <0.001 |
|     b0783      |    <0.001 |
|     b0784      |    <0.001 |
|     b0785      |    <0.001 |
|     b0786      |    <0.001 |
|     b0787      |    <0.001 |
|     b0788      |    <0.001 |
|     b0789      |    <0.001 |
|     b0790      |    <0.001 |
|     b0791      |    <0.001 |
|     b0792      |    <0.001 |
|     b0793      |    <0.001 |
|     b0794      |    <0.001 |
|     b0795      |    <0.001 |
|     b0796      |    <0.001 |
|     b0797      |    <0.001 |
|     b0798      |    <0.001 |
|     b0799      |    <0.001 |
|     b0800      |    <0.001 |
|     b0801      |    <0.001 |
|     b0802      |    <0.001 |
|     b0803      |    <0.001 |
|     b0804      |    <0.001 |
|     b0805      |    <0.001 |
|     b0806      |    <0.001 |
|     b0807      |    <0.001 |
|     b0808      |    <0.001 |
|     b0809      |    <0.001 |
|     b0810      |    <0.001 |
|     b0811      |    <0.001 |
|     b0812      |    <0.001 |
|     b0813      |    <0.001 |
|     b0814      |    <0.001 |
|     b0815      |    <0.001 |
|     b0816      |    <0.001 |
|     b0817      |    <0.001 |
|     b0818      |    <0.001 |
|     b0819      |    <0.001 |
|     b0820      |    <0.001 |
|     b0821      |    <0.001 |
|     b0822      |    <0.001 |
|     b0823      |    <0.001 |
|     b0824      |    <0.001 |
|     b0825      |    <0.001 |
|     b0826      |    <0.001 |
|     b0827      |    <0.001 |
|     b0828      |    <0.001 |
|     b0829      |    <0.001 |
|     b0830      |    <0.001 |
|     b0831      |    <0.001 |
|     b0832      |    <0.001 |
|     b0833      |    <0.001 |
|     b0834      |    <0.001 |
|     b0835      |    <0.001 |
|     b0836      |    <0.001 |
|     b0837      |    <0.001 |
|     b0838      |    <0.001 |
|     b0839      |    <0.001 |
|     b0840      |    <0.001 |
|     b0841      |    <0.001 |
|     b0842      |    <0.001 |
|     b0843      |    <0.001 |
|     b0844      |    <0.001 |
|     b0845      |    <0.001 |
|     b0846      |    <0.001 |
|     b0847      |    <0.001 |
|     b0848      |    <0.001 |
|     b0849      |    <0.001 |
|     b0850      |    <0.001 |
|     b0851      |    <0.001 |
|     b0852      |    <0.001 |
|     b0853      |    <0.001 |
|     b0854      |    <0.001 |
|     b0855      |    <0.001 |
|     b0856      |    <0.001 |
|     b0857      |    <0.001 |
|     b0858      |    <0.001 |
|     b0859      |    <0.001 |
|     b0860      |    <0.001 |
|     b0861      |    <0.001 |
|     b0862      |    <0.001 |
|     b0863      |    <0.001 |
|     b0864      |    <0.001 |
|     b0865      |    <0.001 |
|     b0866      |    <0.001 |
|     b0867      |    <0.001 |
|     b0868      |    <0.001 |
|     b0869      |    <0.001 |
|     b0870      |    <0.001 |
|     b0871      |    <0.001 |
|     b0872      |    <0.001 |
|     b0873      |    <0.001 |
|     b0874      |    <0.001 |
|     b0875      |    <0.001 |
|     b0876      |    <0.001 |
|     b0877      |    <0.001 |
|     b0878      |    <0.001 |
|     b0879      |    <0.001 |
|     b0880      |    <0.001 |
|     b0881      |    <0.001 |
|     b0882      |    <0.001 |
|     b0883      |    <0.001 |
|     b0884      |    <0.001 |
|     b0885      |    <0.001 |
|     b0886      |    <0.001 |
|     b0887      |    <0.001 |
|     b0888      |    <0.001 |
|     b0889      |    <0.001 |
|     b0890      |    <0.001 |
|     b0891      |    <0.001 |
|     b0892      |    <0.001 |
|     b0893      |    <0.001 |
|     b0894      |    <0.001 |
|     b0895      |    <0.001 |
|     b0896      |    <0.001 |
|     b0897      |    <0.001 |
|     b0898      |    <0.001 |
|     b0899      |    <0.001 |
|     b0900      |    <0.001 |
|     b0901      |    <0.001 |
|     b0902      |    <0.001 |
|     b0903      |    <0.001 |
|     b0904      |    <0.001 |
|     b0905      |    <0.001 |
|     b0906      |    <0.001 |
|     b0907      |    <0.001 |
|     b0908      |    <0.001 |
|     b0909      |    <0.001 |
|     b0910      |    <0.001 |
|     b0911      |    <0.001 |
|     b0912      |    <0.001 |
|     b0913      |    <0.001 |
|     b0914      |    <0.001 |
|     b0915      |    <0.001 |
|     b0916      |    <0.001 |
|     b0917      |    <0.001 |
|     b0918      |    <0.001 |
|     b0919      |    <0.001 |
|     b0920      |    <0.001 |
|     b0921      |    <0.001 |
|     b0922      |    <0.001 |
|     b0923      |    <0.001 |
|     b0924      |    <0.001 |
|     b0925      |    <0.001 |
|     b0926      |    <0.001 |
|     b0927      |    <0.001 |
|     b0928      |    <0.001 |
|     b0929      |    <0.001 |
|     b0930      |    <0.001 |
|     b0931      |    <0.001 |
|     b0932      |    <0.001 |
|     b0933      |    <0.001 |
|     b0934      |    <0.001 |
|     b0935      |    <0.001 |
|     b0936      |    <0.001 |
|     b0937      |    <0.001 |
|     b0938      |    <0.001 |
|     b0939      |    <0.001 |
|     b0940      |    <0.001 |
|     b0941      |    <0.001 |
|     b0942      |    <0.001 |
|     b0943      |    <0.001 |
|     b0944      |    <0.001 |
|     b0945      |    <0.001 |
|     b0946      |    <0.001 |
|     b0947      |    <0.001 |
|     b0948      |    <0.001 |
|     b0949      |    <0.001 |
|     b0950      |    <0.001 |
|     b0951      |    <0.001 |
|     b0952      |    <0.001 |
|     b0953      |    <0.001 |
|     b0954      |    <0.001 |
|     b0955      |    <0.001 |
|     b0956      |    <0.001 |
|     b0957      |    <0.001 |
|     b0958      |    <0.001 |
|     b0959      |    <0.001 |
|     b0960      |    <0.001 |
|     b0961      |    <0.001 |
|     b0962      |    <0.001 |
|     b0963      |    <0.001 |
|     b0964      |    <0.001 |
|     b0965      |    <0.001 |
|     b0966      |    <0.001 |
|     b0967      |    <0.001 |
|     b0968      |    <0.001 |
|     b0969      |    <0.001 |
|     b0970      |    <0.001 |
|     b0971      |    <0.001 |
|     b0972      |    <0.001 |
|     b0973      |    <0.001 |
|     b0974      |    <0.001 |
|     b0975      |    <0.001 |
|     b0976      |    <0.001 |
|     b0977      |    <0.001 |
|     b0978      |    <0.001 |
|     b0981      |    <0.001 |
|     b0982      |    <0.001 |
|     b0983      |    <0.001 |
|     b0984      |    <0.001 |
|     b0985      |    <0.001 |
|     b0986      |    <0.001 |
|     b0987      |    <0.001 |
|     b0988      |    <0.001 |
|     b0989      |    <0.001 |
|     b0990      |    <0.001 |
|     b0991      |    <0.001 |
|     b0993      |    <0.001 |
|     b0994      |    <0.001 |
|     b0995      |    <0.001 |
|     b0996      |    <0.001 |
|     b0997      |    <0.001 |
|     b0998      |    <0.001 |
|     b0999      |    <0.001 |
|     b1         |    <0.001 |
|       cd0      |    <0.001 |
|     b1000      |    <0.001 |
|     b1001      |    <0.001 |
|     b1002      |    <0.001 |
|     b1004      |    <0.001 |
|     b1005      |    <0.001 |
|     b1006      |    <0.001 |
|     b1007      |    <0.001 |
|     b1008      |    <0.001 |
|     b1009      |    <0.001 |
|     b1010      |    <0.001 |
|     b1011      |    <0.001 |
|     b1012      |    <0.001 |
|     b1013      |    <0.001 |
|     b1014      |    <0.001 |
|     b1015      |    <0.001 |
|     b1016      |    <0.001 |
|     b1017      |    <0.001 |
|     b1018      |    <0.001 |
|     b1019      |    <0.001 |
|     b1020      |    <0.001 |
|     b1021      |    <0.001 |
|     b1022      |    <0.001 |
|     b1023      |    <0.001 |
|     b1024      |    <0.001 |
|     b1025      |    <0.001 |
|     b1026      |    <0.001 |
|     b1029      |    <0.001 |
|     b1030      |    <0.001 |
|     b1031      |    <0.001 |
|     b1032      |    <0.001 |
|     b1033      |    <0.001 |
|     b1034      |    <0.001 |
|     b1035      |    <0.001 |
|     b1036      |    <0.001 |
|     b1037      |    <0.001 |
|     b1038      |    <0.001 |
|     b1039      |    <0.001 |
|     b1041      |    <0.001 |
|     b1042      |    <0.001 |
|     b1043      |    <0.001 |
|     b1044      |    <0.001 |
|     b1045      |    <0.001 |
|     b1046      |    <0.001 |
|     b1047      |    <0.001 |
|     b1048      |    <0.001 |
|     b1049      |    <0.001 |
|     b1050      |    <0.001 |
|     b1052      |    <0.001 |
|     b1053      |    <0.001 |
|     b1054      |    <0.001 |
|     b1055      |    <0.001 |
|     b1056      |    <0.001 |
|     b1057      |    <0.001 |
|     b1058      |    <0.001 |
|     b1059      |    <0.001 |
|     b1060      |    <0.001 |
|     b1061      |    <0.001 |
|     b1062      |    <0.001 |
|     b1063      |    <0.001 |
|     b1064      |    <0.001 |
|     b1065      |    <0.001 |
|     b1066      |    <0.001 |
|     b1067      |    <0.001 |
|     b1068      |    <0.001 |
|     b1069      |    <0.001 |
|     b1070      |    <0.001 |
|     b1071      |    <0.001 |
|     b1072      |    <0.001 |
|     b1073      |    <0.001 |
|     b1074      |    <0.001 |
|     b1077      |    <0.001 |
|     b1078      |    <0.001 |
|     b1079      |    <0.001 |
|     b1080      |    <0.001 |
|     b1081      |    <0.001 |
|     b1082      |    <0.001 |
|     b1083      |    <0.001 |
|     b1084      |    <0.001 |
|     b1085      |    <0.001 |
|     b1086      |    <0.001 |
|     b1087      |    <0.001 |
|     b1089      |    <0.001 |
|     b1090      |    <0.001 |
|     b1091      |    <0.001 |
|     b1092      |    <0.001 |
|     b1093      |    <0.001 |
|     b1094      |    <0.001 |
|     b1095      |    <0.001 |
|     b1096      |    <0.001 |
|     b1097      |    <0.001 |
|     b1098      |    <0.001 |
|     b1101      |    <0.001 |
|     b1102      |    <0.001 |
|     b1103      |    <0.001 |
|     b1104      |    <0.001 |
|     b1105      |    <0.001 |
|     b1106      |    <0.001 |
|     b1107      |    <0.001 |
|     b1108      |    <0.001 |
|     b1109      |    <0.001 |
|     b1110      |    <0.001 |
|     b1111      |    <0.001 |
|     b1112      |    <0.001 |
|     b1113      |    <0.001 |
|     b1114      |    <0.001 |
|     b1115      |    <0.001 |
|     b1116      |    <0.001 |
|     b1117      |    <0.001 |
|     b1118      |    <0.001 |
|     b1119      |    <0.001 |
|     b1120      |    <0.001 |
|     b1121      |    <0.001 |
|     b1122      |    <0.001 |
|     b1125      |    <0.001 |
|     b1126      |    <0.001 |
|     b1127      |    <0.001 |
|     b1128      |    <0.001 |
|     b1129      |    <0.001 |
|     b1130      |    <0.001 |
|     b1131      |    <0.001 |
|     b1132      |    <0.001 |
|     b1133      |    <0.001 |
|     b1134      |    <0.001 |
|     b1135      |    <0.001 |
|     b1137      |    <0.001 |
|     b1138      |    <0.001 |
|     b1139      |    <0.001 |
|     b1140      |    <0.001 |
|     b1141      |    <0.001 |
|     b1142      |    <0.001 |
|     b1143      |    <0.001 |
|     b1144      |    <0.001 |
|     b1145      |    <0.001 |
|     b1146      |    <0.001 |
|     b1149      |    <0.001 |
|     b1150      |    <0.001 |
|     b1151      |    <0.001 |
|     b1152      |    <0.001 |
|     b1153      |    <0.001 |
|     b1154      |    <0.001 |
|     b1155      |    <0.001 |
|     b1156      |    <0.001 |
|     b1157      |    <0.001 |
|     b1158      |    <0.001 |
|     b1159      |    <0.001 |
|     b1160      |    <0.001 |
|     b1161      |    <0.001 |
|     b1162      |    <0.001 |
|     b1163      |    <0.001 |
|     b1164      |    <0.001 |
|     b1165      |    <0.001 |
|     b1166      |    <0.001 |
|     b1167      |    <0.001 |
|     b1168      |    <0.001 |
|     b1169      |    <0.001 |
|     b1170      |    <0.001 |
|     b1173      |    <0.001 |
|     b1174      |    <0.001 |
|     b1175      |    <0.001 |
|     b1176      |    <0.001 |
|     b1177      |    <0.001 |
|     b1178      |    <0.001 |
|     b1179      |    <0.001 |
|     b1180      |    <0.001 |
|     b1181      |    <0.001 |
|     b1182      |    <0.001 |
|     b1183      |    <0.001 |
|     b1185      |    <0.001 |
|     b1186      |    <0.001 |
|     b1187      |    <0.001 |
|     b1188      |    <0.001 |
|     b1189      |    <0.001 |
|     b1190      |    <0.001 |
|     b1191      |    <0.001 |
|     b1192      |    <0.001 |
|     b1193      |    <0.001 |
|     b1194      |    <0.001 |
|     b1197      |    <0.001 |
|     b1198      |    <0.001 |
|     b1199      |    <0.001 |
|     b1200      |    <0.001 |
|     b1201      |    <0.001 |
|     b1202      |    <0.001 |
|     b1203      |    <0.001 |
|     b1204      |    <0.001 |
|     b1205      |    <0.001 |
|     b1206      |    <0.001 |
|     b1207      |    <0.001 |
|     b1208      |    <0.001 |
|     b1209      |    <0.001 |
|     b1210      |    <0.001 |
|     b1211      |    <0.001 |
|     b1212      |    <0.001 |
|     b1213      |    <0.001 |
|     b1214      |    <0.001 |
|     b1215      |    <0.001 |
|     b1216      |    <0.001 |
|     b1217      |    <0.001 |
|     b1218      |    <0.001 |
|     b1221      |    <0.001 |
|     b1222      |    <0.001 |
|     b1223      |    <0.001 |
|     b1224      |    <0.001 |
|     b1225      |    <0.001 |
|     b1226      |    <0.001 |
|     b1227      |    <0.001 |
|     b1228      |    <0.001 |
|     b1229      |    <0.001 |
|     b1230      |    <0.001 |
|     b1231      |    <0.001 |
|     b1233      |    <0.001 |
|     b1234      |    <0.001 |
|     b1235      |    <0.001 |
|     b1236      |    <0.001 |
|     b1237      |    <0.001 |
|     b1238      |    <0.001 |
|     b1239      |    <0.001 |
|     b1240      |    <0.001 |
|     b1241      |    <0.001 |
|     b1242      |    <0.001 |
|     b1245      |    <0.001 |
|     b1246      |    <0.001 |
|     b1247      |    <0.001 |
|     b1263      |    <0.001 |
|     b1269      |    <0.001 |
|     b1270      |    <0.001 |
|     b1271      |    <0.001 |
|     b1274      |    <0.001 |
|     b1279      |    <0.001 |
|     b1281      |    <0.001 |
|     b1282      |    <0.001 |
|     b1283      |    <0.001 |
|     b1293      |    <0.001 |
|     b1294      |    <0.001 |
|     b1295      |    <0.001 |
|     b1311      |    <0.001 |
|     b1315      |    <0.001 |
|     b1317      |    <0.001 |
|     b1318      |    <0.001 |
|     b1319      |    <0.001 |
|     b1327      |    <0.001 |
|     b1329      |    <0.001 |
|     b1330      |    <0.001 |
|     b1331      |    <0.001 |
|     b1341      |    <0.001 |
|     b1342      |    <0.001 |
|     b1343      |    <0.001 |
|     b1351      |    <0.001 |
|     b1359      |    <0.001 |
|     b1363      |    <0.001 |
|     b1365      |    <0.001 |
|     b1366      |    <0.001 |
|     b1367      |    <0.001 |
|     b1375      |    <0.001 |
|     b1377      |    <0.001 |
|     b1378      |    <0.001 |
|     b1379      |    <0.001 |
|     b1389      |    <0.001 |
|     b1390      |    <0.001 |
|     b1391      |    <0.001 |
|     b1407      |    <0.001 |
|     b1411      |    <0.001 |
|     b1413      |    <0.001 |
|     b1414      |    <0.001 |
|     b1415      |    <0.001 |
|     b1423      |    <0.001 |
|     b1425      |    <0.001 |
|     b1426      |    <0.001 |
|     b1427      |    <0.001 |
|     b1437      |    <0.001 |
|     b1438      |    <0.001 |
|     b1439      |    <0.001 |
|     d00        |     0.000 |
|     d01        |    <0.001 |
|     d02        |    <0.001 |
|     d03        |    <0.001 |
|     d04        |    <0.001 |
|     d05        |    <0.001 |
|     d06        |    <0.001 |
|     d07        |    <0.001 |
|     d08        |    <0.001 |
|     d09        |     0.000 |
|     d10        |     0.000 |
|     d11        |     0.000 |
|     d12        |     0.000 |
|     d13        |     0.000 |
|     d14        |     0.000 |
|     m0         |    <0.001 |
|       cd0      |    <0.001 |
|     m0003      |    <0.001 |
|     m0004      |    <0.001 |
|     m0005      |    <0.001 |
|     m0006      |    <0.001 |
|     m0009      |    <0.001 |
|     m0010      |    <0.001 |
|     m0011      |    <0.001 |
|     m0012      |    <0.001 |
|     m0013      |    <0.001 |
|     m0014      |    <0.001 |
|     m0015      |    <0.001 |
|     m0016      |    <0.001 |
|     m0017      |    <0.001 |
|     m0018      |    <0.001 |
|     m0021      |    <0.001 |
|     m0022      |    <0.001 |
|     m0023      |    <0.001 |
|     m0024      |    <0.001 |
|     m0025      |    <0.001 |
|     m0026      |    <0.001 |
|     m0027      |    <0.001 |
|     m0028      |    <0.001 |
|     m0029      |    <0.001 |
|     m0030      |    <0.001 |
|     m0031      |    <0.001 |
|     m0033      |    <0.001 |
|     m0034      |    <0.001 |
|     m0035      |    <0.001 |
|     m0036      |    <0.001 |
|     m0037      |    <0.001 |
|     m0038      |    <0.001 |
|     m0039      |    <0.001 |
|     m0040      |    <0.001 |
|     m0041      |    <0.001 |
|     m0045      |    <0.001 |
|     m0046      |    <0.001 |
|     m0047      |    <0.001 |
|     m0051      |    <0.001 |
|     m0052      |    <0.001 |
|     m0053      |    <0.001 |
|     m0057      |    <0.001 |
|     m0058      |    <0.001 |
|     m0059      |    <0.001 |
|     m0060      |    <0.001 |
|     m0061      |    <0.001 |
|     m0062      |    <0.001 |
|     m0063      |    <0.001 |
|     m0069      |    <0.001 |
|     m0070      |    <0.001 |
|     m0071      |    <0.001 |
|     m0072      |    <0.001 |
|     m0073      |    <0.001 |
|     m0074      |    <0.001 |
|     m0079      |    <0.001 |
|     m0081      |    <0.001 |
|     m0082      |    <0.001 |
|     m0083      |    <0.001 |
|     m0084      |    <0.001 |
|     m0085      |    <0.001 |
|     m0086      |    <0.001 |
|     m0087      |    <0.001 |
|     m0088      |    <0.001 |
|     m0089      |    <0.001 |
|     m0090      |    <0.001 |
|     m0091      |    <0.001 |
|     m0092      |    <0.001 |
|     m0093      |    <0.001 |
|     m0094      |    <0.001 |
|     m0095      |    <0.001 |
|     m0096      |    <0.001 |
|     m0097      |    <0.001 |
|     m0098      |    <0.001 |
|     m0099      |    <0.001 |
|     m0100      |    <0.001 |
|     m0101      |    <0.001 |
|     m0102      |    <0.001 |
|     m0103      |    <0.001 |
|     m0104      |    <0.001 |
|     m0105      |    <0.001 |
|     m0106      |    <0.001 |
|     m0107      |    <0.001 |
|     m0108      |    <0.001 |
|     m0109      |    <0.001 |
|     m0110      |    <0.001 |
|     m0111      |    <0.001 |
|     m0112      |    <0.001 |
|     m0113      |    <0.001 |
|     m0114      |    <0.001 |
|     m0115      |    <0.001 |
|     m0116      |    <0.001 |
|     m0117      |    <0.001 |
|     m0118      |    <0.001 |
|     m0119      |    <0.001 |
|     m0120      |    <0.001 |
|     m0121      |    <0.001 |
|     m0122      |    <0.001 |
|     m0123      |    <0.001 |
|     m0124      |    <0.001 |
|     m0125      |    <0.001 |
|     m0126      |    <0.001 |
|     m0127      |    <0.001 |
|     m0128      |    <0.001 |
|     m0129      |    <0.001 |
|     m0130      |    <0.001 |
|     m0131      |    <0.001 |
|     m0132      |    <0.001 |
|     m0133      |    <0.001 |
|     m0134      |    <0.001 |
|     m0135      |    <0.001 |
|     m0136      |    <0.001 |
|     m0137      |    <0.001 |
|     m0138      |    <0.001 |
|     m0139      |    <0.001 |
|     m0140      |    <0.001 |
|     m0141      |    <0.001 |
|     m0142      |    <0.001 |
|     m0143      |    <0.001 |
|     m0144      |    <0.001 |
|     m0145      |    <0.001 |
|     m0146      |    <0.001 |
|     m0147      |    <0.001 |
|     m0148      |    <0.001 |
|     m0149      |    <0.001 |
|     m0150      |    <0.001 |
|     m0151      |    <0.001 |
|     m0152      |    <0.001 |
|     m0153      |    <0.001 |
|     m0154      |    <0.001 |
|     m0155      |    <0.001 |
|     m0156      |    <0.001 |
|     m0157      |    <0.001 |
|     m0158      |    <0.001 |
|     m0159      |    <0.001 |
|     m0160      |    <0.001 |
|     m0161      |    <0.001 |
|     m0162      |    <0.001 |
|     m0163      |    <0.001 |
|     m0164      |    <0.001 |
|     m0165      |    <0.001 |
|     m0166      |    <0.001 |
|     m0167      |    <0.001 |
|     m0168      |    <0.001 |
|     m0169      |    <0.001 |
|     m0170      |    <0.001 |
|     m0171      |    <0.001 |
|     m0172      |    <0.001 |
|     m0173      |    <0.001 |
|     m0174      |    <0.001 |
|     m0175      |    <0.001 |
|     m0176      |    <0.001 |
|     m0177      |    <0.001 |
|     m0178      |    <0.001 |
|     m0179      |    <0.001 |
|     m0180      |    <0.001 |
|     m0181      |    <0.001 |
|     m0182      |    <0.001 |
|     m0183      |    <0.001 |
|     m0184      |    <0.001 |
|     m0185      |    <0.001 |
|     m0186      |    <0.001 |
|     m0187      |    <0.001 |
|     m0188      |    <0.001 |
|     m0189      |    <0.001 |
|     m0190      |    <0.001 |
|     m0191      |    <0.001 |
|     m0192      |    <0.001 |
|     m0193      |    <0.001 |
|     m0194      |    <0.001 |
|     m0195      |    <0.001 |
|     m0196      |    <0.001 |
|     m0197      |    <0.001 |
|     m0198      |    <0.001 |
|     m0199      |    <0.001 |
|     m0200      |    <0.001 |
|     m0201      |    <0.001 |
|     m0202      |    <0.001 |
|     m0203      |    <0.001 |
|     m0204      |    <0.001 |
|     m0205      |    <0.001 |
|     m0206      |    <0.001 |
|     m0207      |    <0.001 |
|     m0208      |    <0.001 |
|     m0209      |    <0.001 |
|     m0210      |    <0.001 |
|     m0211      |    <0.001 |
|     m0212      |    <0.001 |
|     m0213      |    <0.001 |
|     m0214      |    <0.001 |
|     m0215      |    <0.001 |
|     m0216      |    <0.001 |
|     m0217      |    <0.001 |
|     m0218      |    <0.001 |
|     m0219      |    <0.001 |
|     m0220      |    <0.001 |
|     m0221      |    <0.001 |
|     m0222      |    <0.001 |
|     m0223      |    <0.001 |
|     m0224      |    <0.001 |
|     m0225      |    <0.001 |
|     m0226      |    <0.001 |
|     m0227      |    <0.001 |
|     m0228      |    <0.001 |
|     m0235      |    <0.001 |
|     m0237      |    <0.001 |
|     m0238      |    <0.001 |
|     m0239      |    <0.001 |
|     m0249      |    <0.001 |
|     m0250      |    <0.001 |
|     m0251      |    <0.001 |
|     m0259      |    <0.001 |
|     m0260      |    <0.001 |
|     m0261      |    <0.001 |
|     m0262      |    <0.001 |
|     m0263      |    <0.001 |
|     m0265      |    <0.001 |
|     m0266      |    <0.001 |
|     m0267      |    <0.001 |
|     m0269      |    <0.001 |
|     m0270      |    <0.001 |
|     m0271      |    <0.001 |
|     m0273      |    <0.001 |
|     m0274      |    <0.001 |
|     m0275      |    <0.001 |
|     m0277      |    <0.001 |
|     m0278      |    <0.001 |
|     m0279      |    <0.001 |
|     m0281      |    <0.001 |
|     m0282      |    <0.001 |
|     m0283      |    <0.001 |
|     m0285      |    <0.001 |
|     m0286      |    <0.001 |
|     m0287      |    <0.001 |
|     m0295      |    <0.001 |
|     m0297      |    <0.001 |
|     m0298      |    <0.001 |
|     m0299      |    <0.001 |
|     m0300      |    <0.001 |
|     m0303      |    <0.001 |
|     m0309      |    <0.001 |
|     m0310      |    <0.001 |
|     m0311      |    <0.001 |
|     m0312      |    <0.001 |
|     m0313      |    <0.001 |
|     m0314      |    <0.001 |
|     m0315      |    <0.001 |
|     m0316      |    <0.001 |
|     m0317      |    <0.001 |
|     m0318      |    <0.001 |
|     m0319      |    <0.001 |
|     m0320      |    <0.001 |
|     m0321      |    <0.001 |
|     m0322      |    <0.001 |
|     m0323      |    <0.001 |
|     m0324      |    <0.001 |
|     m0331      |    <0.001 |
|     m0333      |    <0.001 |
|     m0334      |    <0.001 |
|     m0335      |    <0.001 |
|     m0345      |    <0.001 |
|     m0346      |    <0.001 |
|     m0347      |    <0.001 |
|     m0351      |    <0.001 |
|     m0355      |    <0.001 |
|     m0356      |    <0.001 |
|     m0357      |    <0.001 |
|     m0358      |    <0.001 |
|     m0359      |    <0.001 |
|     m0361      |    <0.001 |
|     m0362      |    <0.001 |
|     m0363      |    <0.001 |
|     m0365      |    <0.001 |
|     m0366      |    <0.001 |
|     m0367      |    <0.001 |
|     m0369      |    <0.001 |
|     m0370      |    <0.001 |
|     m0371      |    <0.001 |
|     m0373      |    <0.001 |
|     m0374      |    <0.001 |
|     m0375      |    <0.001 |
|     m0377      |    <0.001 |
|     m0378      |    <0.001 |
|     m0379      |    <0.001 |
|     m0381      |    <0.001 |
|     m0382      |    <0.001 |
|     m0383      |    <0.001 |
|     m0391      |    <0.001 |
|     m0393      |    <0.001 |
|     m0394      |    <0.001 |
|     m0395      |    <0.001 |
|     m0407      |    <0.001 |
|     m0415      |    <0.001 |
|     m0417      |    <0.001 |
|     m0418      |    <0.001 |
|     m0419      |    <0.001 |
|     m0427      |    <0.001 |
|     m0429      |    <0.001 |
|     m0430      |    <0.001 |
|     m0431      |    <0.001 |
|     m0441      |    <0.001 |
|     m0442      |    <0.001 |
|     m0443      |    <0.001 |
|     m0447      |    <0.001 |
|     m0459      |    <0.001 |
|     m0463      |    <0.001 |
|     m0475      |    <0.001 |
|     m0477      |    <0.001 |
|     m0478      |    <0.001 |
|     m0479      |    <0.001 |
|     m0481      |    <0.001 |
|     m0482      |    <0.001 |
|     m0483      |    <0.001 |
|     m0485      |    <0.001 |
|     m0486      |    <0.001 |
|     m0487      |    <0.001 |
|     m0489      |    <0.001 |
|     m0490      |    <0.001 |
|     m0491      |    <0.001 |
|     m0492      |    <0.001 |
|     m0495      |    <0.001 |
|     m0496      |    <0.001 |
|     m0497      |    <0.001 |
|     m0498      |    <0.001 |
|     m0501      |    <0.001 |
|     m0502      |    <0.001 |
|     m0503      |    <0.001 |
|     m0504      |    <0.001 |
|     m0505      |    <0.001 |
|     m0506      |    <0.001 |
|     m0507      |    <0.001 |
|     m0508      |    <0.001 |
|     m0509      |    <0.001 |
|     m0510      |    <0.001 |
|     m0511      |    <0.001 |
|     m0512      |    <0.001 |
|     m0515      |    <0.001 |
|     m0516      |    <0.001 |
|     m0517      |    <0.001 |
|     m0518      |    <0.001 |
|     m0519      |    <0.001 |
|     m0523      |    <0.001 |
|     m0525      |    <0.001 |
|     m0526      |    <0.001 |
|     m0527      |    <0.001 |
|     m0528      |    <0.001 |
|     m0529      |    <0.001 |
|     m0530      |    <0.001 |
|     m0531      |    <0.001 |
|     m0532      |    <0.001 |
|     m0533      |    <0.001 |
|     m0534      |    <0.001 |
|     m0535      |    <0.001 |
|     m0536      |    <0.001 |
|     m0537      |    <0.001 |
|     m0538      |    <0.001 |
|     m0539      |    <0.001 |
|     m0540      |    <0.001 |
|     m0543      |    <0.001 |
|     m0544      |    <0.001 |
|     m0545      |    <0.001 |
|     m0549      |    <0.001 |
|     m0550      |    <0.001 |
|     m0551      |    <0.001 |
|     m0553      |    <0.001 |
|     m0554      |    <0.001 |
|     m0555      |    <0.001 |
|     m0561      |    <0.001 |
|     m0562      |    <0.001 |
|     m0563      |    <0.001 |
|     m0564      |    <0.001 |
|     m0568      |    <0.001 |
|     m0570      |    <0.001 |
|     m0573      |    <0.001 |
|     m0574      |    <0.001 |
|     m0575      |    <0.001 |
|     m0576      |    <0.001 |
|     m0577      |    <0.001 |
|     m0578      |    <0.001 |
|     m0579      |    <0.001 |
|     m0580      |    <0.001 |
|     m0581      |    <0.001 |
|     m0582      |    <0.001 |
|     m0585      |    <0.001 |
|     m0586      |    <0.001 |
|     m0587      |    <0.001 |
|     m0588      |    <0.001 |
|     m0589      |    <0.001 |
|     m0590      |    <0.001 |
|     m0591      |    <0.001 |
|     m0592      |    <0.001 |
|     m0593      |    <0.001 |
|     m0594      |    <0.001 |
|     m0597      |    <0.001 |
|     m0598      |    <0.001 |
|     m0599      |    <0.001 |
|     m0600      |    <0.001 |
|     m0601      |    <0.001 |
|     m0602      |    <0.001 |
|     m0603      |    <0.001 |
|     m0604      |    <0.001 |
|     m0605      |    <0.001 |
|     m0606      |    <0.001 |
|     m0607      |    <0.001 |
|     m0609      |    <0.001 |
|     m0610      |    <0.001 |
|     m0611      |    <0.001 |
|     m0612      |    <0.001 |
|     m0613      |    <0.001 |
|     m0614      |    <0.001 |
|     m0615      |    <0.001 |
|     m0616      |    <0.001 |
|     m0617      |    <0.001 |
|     m0621      |    <0.001 |
|     m0622      |    <0.001 |
|     m0623      |    <0.001 |
|     m0627      |    <0.001 |
|     m0628      |    <0.001 |
|     m0629      |    <0.001 |
|     m0633      |    <0.001 |
|     m0634      |    <0.001 |
|     m0635      |    <0.001 |
|     m0636      |    <0.001 |
|     m0637      |    <0.001 |
|     m0638      |    <0.001 |
|     m0639      |    <0.001 |
|     m0645      |    <0.001 |
|     m0646      |    <0.001 |
|     m0647      |    <0.001 |
|     m0648      |    <0.001 |
|     m0649      |    <0.001 |
|     m0650      |    <0.001 |
|     m0655      |    <0.001 |
|     m0657      |    <0.001 |
|     m0658      |    <0.001 |
|     m0659      |    <0.001 |
|     m0660      |    <0.001 |
|     m0661      |    <0.001 |
|     m0662      |    <0.001 |
|     m0663      |    <0.001 |
|     m0664      |    <0.001 |
|     m0665      |    <0.001 |
|     m0666      |    <0.001 |
|     m0669      |    <0.001 |
|     m0670      |    <0.001 |
|     m0671      |    <0.001 |
|     m0675      |    <0.001 |
|     m0676      |    <0.001 |
|     m0677      |    <0.001 |
|     m0679      |    <0.001 |
|     m0681      |    <0.001 |
|     m0682      |    <0.001 |
|     m0683      |    <0.001 |
|     m0693      |    <0.001 |
|     m0694      |    <0.001 |
|     m0695      |    <0.001 |
|     m0696      |    <0.001 |
|     m0697      |    <0.001 |
|     m0698      |    <0.001 |
|     m0703      |    <0.001 |
|     m0705      |    <0.001 |
|     m0706      |    <0.001 |
|     m0707      |    <0.001 |
|     m0708      |    <0.001 |
|     m0709      |    <0.001 |
|     m0710      |    <0.001 |
|     m0711      |    <0.001 |
|     m0712      |    <0.001 |
|     m0713      |    <0.001 |
|     m0714      |    <0.001 |
|     m0717      |    <0.001 |
|     m0718      |    <0.001 |
|     m0719      |    <0.001 |
|     m0723      |    <0.001 |
|     m0724      |    <0.001 |
|     m0725      |    <0.001 |
|     m0729      |    <0.001 |
|     m0730      |    <0.001 |
|     m0731      |    <0.001 |
|     m0741      |    <0.001 |
|     m0742      |    <0.001 |
|     m0743      |    <0.001 |
|     m0744      |    <0.001 |
|     m0745      |    <0.001 |
|     m0746      |    <0.001 |
|     m0751      |    <0.001 |
|     m0753      |    <0.001 |
|     m0754      |    <0.001 |
|     m0755      |    <0.001 |
|     m0756      |    <0.001 |
|     m0757      |    <0.001 |
|     m0758      |    <0.001 |
|     m0759      |    <0.001 |
|     m0760      |    <0.001 |
|     m0761      |    <0.001 |
|     m0762      |    <0.001 |
|     m0765      |    <0.001 |
|     m0766      |    <0.001 |
|     m0767      |    <0.001 |
|     m0769      |    <0.001 |
|     m0770      |    <0.001 |
|     m0771      |    <0.001 |
|     m0773      |    <0.001 |
|     m0774      |    <0.001 |
|     m0775      |    <0.001 |
|     m0777      |    <0.001 |
|     m0778      |    <0.001 |
|     m0779      |    <0.001 |
|     m0780      |    <0.001 |
|     m0783      |    <0.001 |
|     m0787      |    <0.001 |
|     m0789      |    <0.001 |
|     m0790      |    <0.001 |
|     m0791      |    <0.001 |
|     m0793      |    <0.001 |
|     m0794      |    <0.001 |
|     m0795      |    <0.001 |
|     m0801      |    <0.001 |
|     m0802      |    <0.001 |
|     m0803      |    <0.001 |
|     m0804      |    <0.001 |
|     m0805      |    <0.001 |
|     m0806      |    <0.001 |
|     m0812      |    <0.001 |
|     m0813      |    <0.001 |
|     m0814      |    <0.001 |
|     m0815      |    <0.001 |
|     m0817      |    <0.001 |
|     m0818      |    <0.001 |
|     m0819      |    <0.001 |
|     m0821      |    <0.001 |
|     m0822      |    <0.001 |
|     m0823      |    <0.001 |
|     m0825      |    <0.001 |
|     m0826      |    <0.001 |
|     m0827      |    <0.001 |
|     m0828      |    <0.001 |
|     m0831      |    <0.001 |
|     m0832      |    <0.001 |
|     m0833      |    <0.001 |
|     m0834      |    <0.001 |
|     m0837      |    <0.001 |
|     m0838      |    <0.001 |
|     m0839      |    <0.001 |
|     m0840      |    <0.001 |
|     m0841      |    <0.001 |
|     m0842      |    <0.001 |
|     m0843      |    <0.001 |
|     m0844      |    <0.001 |
|     m0845      |    <0.001 |
|     m0846      |    <0.001 |
|     m0847      |    <0.001 |
|     m0848      |    <0.001 |
|     m0858      |    <0.001 |
|     m0861      |    <0.001 |
|     m0862      |    <0.001 |
|     m0863      |    <0.001 |
|     m0865      |    <0.001 |
|     m0866      |    <0.001 |
|     m0867      |    <0.001 |
|     m0869      |    <0.001 |
|     m0870      |    <0.001 |
|     m0871      |    <0.001 |
|     m0873      |    <0.001 |
|     m0874      |    <0.001 |
|     m0875      |    <0.001 |
|     m0876      |    <0.001 |
|     m0879      |    <0.001 |
|     m0880      |    <0.001 |
|     m0881      |    <0.001 |
|     m0882      |    <0.001 |
|     m0885      |    <0.001 |
|     m0886      |    <0.001 |
|     m0887      |    <0.001 |
|     m0888      |    <0.001 |
|     m0889      |    <0.001 |
|     m0890      |    <0.001 |
|     m0891      |    <0.001 |
|     m0892      |    <0.001 |
|     m0893      |    <0.001 |
|     m0894      |    <0.001 |
|     m0895      |    <0.001 |
|     m0896      |    <0.001 |
|     m0899      |    <0.001 |
|     m0900      |    <0.001 |
|     m0901      |    <0.001 |
|     m0902      |    <0.001 |
|     m0903      |    <0.001 |
|     m0909      |    <0.001 |
|     m0910      |    <0.001 |
|     m0911      |    <0.001 |
|     m0912      |    <0.001 |
|     m0913      |    <0.001 |
|     m0914      |    <0.001 |
|     m0915      |    <0.001 |
|     m0916      |    <0.001 |
|     m0917      |    <0.001 |
|     m0918      |    <0.001 |
|     m0919      |    <0.001 |
|     m0920      |    <0.001 |
|     m0921      |    <0.001 |
|     m0922      |    <0.001 |
|     m0923      |    <0.001 |
|     m0924      |    <0.001 |
|     m0927      |    <0.001 |
|     m0928      |    <0.001 |
|     m0929      |    <0.001 |
|     m0933      |    <0.001 |
|     m0934      |    <0.001 |
|     m0935      |    <0.001 |
|     m0937      |    <0.001 |
|     m0938      |    <0.001 |
|     m0939      |    <0.001 |
|     m0945      |    <0.001 |
|     m0946      |    <0.001 |
|     m0947      |    <0.001 |
|     m0952      |    <0.001 |
|     m0954      |    <0.001 |
|     m0956      |    <0.001 |
|     m0957      |    <0.001 |
|     m0958      |    <0.001 |
|     m0959      |    <0.001 |
|     m0971      |    <0.001 |
|     m0978      |    <0.001 |
|     m0979      |    <0.001 |
|     m0981      |    <0.001 |
|     m0982      |    <0.001 |
|     m0983      |    <0.001 |
|     m0984      |    <0.001 |
|     m0985      |    <0.001 |
|     m0986      |    <0.001 |
|     m0987      |    <0.001 |
|     m0988      |    <0.001 |
|     m0989      |    <0.001 |
|     m0990      |    <0.001 |
|     m0991      |    <0.001 |
|     m0992      |    <0.001 |
|     m0993      |    <0.001 |
|     m0994      |    <0.001 |
|     m0995      |    <0.001 |
|     m0996      |    <0.001 |
|     m0999      |    <0.001 |
|     m1         |    <0.001 |
|       cd0      |    <0.001 |
|     m1000      |    <0.001 |
|     m1001      |    <0.001 |
|     m1005      |    <0.001 |
|     m1006      |    <0.001 |
|     m1007      |    <0.001 |
|     m1008      |    <0.001 |
|     m1009      |    <0.001 |
|     m1010      |    <0.001 |
|     m1011      |    <0.001 |
|     m1012      |    <0.001 |
|     m1013      |    <0.001 |
|     m1014      |    <0.001 |
|     m1015      |    <0.001 |
|     m1016      |    <0.001 |
|     m1017      |    <0.001 |
|     m1018      |    <0.001 |
|     m1019      |    <0.001 |
|     m1020      |    <0.001 |
|     m1023      |    <0.001 |
|     m1024      |    <0.001 |
|     m1025      |    <0.001 |
|     m1041      |    <0.001 |
|     m1042      |    <0.001 |
|     m1043      |    <0.001 |
|     m1052      |    <0.001 |
|     m1053      |    <0.001 |
|     m1054      |    <0.001 |
|     m1055      |    <0.001 |
|     m1074      |    <0.001 |
|     m1075      |    <0.001 |
|     m1077      |    <0.001 |
|     m1078      |    <0.001 |
|     m1079      |    <0.001 |
|     m1080      |    <0.001 |
|     m1081      |    <0.001 |
|     m1082      |    <0.001 |
|     m1083      |    <0.001 |
|     m1084      |    <0.001 |
|     m1085      |    <0.001 |
|     m1086      |    <0.001 |
|     m1087      |    <0.001 |
|     m1088      |    <0.001 |
|     m1089      |    <0.001 |
|     m1090      |    <0.001 |
|     m1091      |    <0.001 |
|     m1092      |    <0.001 |
|     m1095      |    <0.001 |
|     m1096      |    <0.001 |
|     m1097      |    <0.001 |
|     m1101      |    <0.001 |
|     m1102      |    <0.001 |
|     m1103      |    <0.001 |
|     m1104      |    <0.001 |
|     m1105      |    <0.001 |
|     m1106      |    <0.001 |
|     m1107      |    <0.001 |
|     m1108      |    <0.001 |
|     m1109      |    <0.001 |
|     m1110      |    <0.001 |
|     m1111      |    <0.001 |
|     m1112      |    <0.001 |
|     m1113      |    <0.001 |
|     m1114      |    <0.001 |
|     m1115      |    <0.001 |
|     m1116      |    <0.001 |
|     m1119      |    <0.001 |
|     m1120      |    <0.001 |
|     m1121      |    <0.001 |
|     m1137      |    <0.001 |
|     m1138      |    <0.001 |
|     m1139      |    <0.001 |
|     m1148      |    <0.001 |
|     m1149      |    <0.001 |
|     m1150      |    <0.001 |
|     m1151      |    <0.001 |
|     m1170      |    <0.001 |
|     m1171      |    <0.001 |
|     m1183      |    <0.001 |
|     m1202      |    <0.001 |
|     m1203      |    <0.001 |
|     m1215      |    <0.001 |
|     m1234      |    <0.001 |
|     m1235      |    <0.001 |
|     m1238      |     0.000 |
|     m1239      |    <0.001 |
|     m1240      |    <0.001 |
|     m1244      |    <0.001 |
|     m1245      |    <0.001 |
|     m1246      |    <0.001 |
|     m1247      |    <0.001 |
|     m1266      |    <0.001 |
|     m1267      |    <0.001 |
|     m1278      |    <0.001 |
|     m1279      |    <0.001 |
|     m1281      |    <0.001 |
|     m1282      |    <0.001 |
|     m1283      |    <0.001 |
|     m1287      |    <0.001 |
|     m1288      |    <0.001 |
|     m1289      |    <0.001 |
|     m1290      |    <0.001 |
|     m1291      |    <0.001 |
|     m1292      |    <0.001 |
|     m1293      |    <0.001 |
|     m1294      |    <0.001 |
|     m1295      |    <0.001 |
|     m1298      |    <0.001 |
|     m1299      |    <0.001 |
|     m1300      |    <0.001 |
|     m1301      |    <0.001 |
|     m1305      |    <0.001 |
|     m1306      |    <0.001 |
|     m1307      |    <0.001 |
|     m1308      |    <0.001 |
|     m1311      |    <0.001 |
|     m1312      |    <0.001 |
|     m1313      |    <0.001 |
|     m1315      |    <0.001 |
|     m1330      |    <0.001 |
|     m1331      |    <0.001 |
|     m1340      |    <0.001 |
|     m1341      |    <0.001 |
|     m1342      |    <0.001 |
|     m1343      |    <0.001 |
|     m1345      |    <0.001 |
|     m1347      |    <0.001 |
|     m1362      |    <0.001 |
|     m1363      |    <0.001 |
|     m1372      |    <0.001 |
|     m1375      |    <0.001 |
|     m1377      |    <0.001 |
|     m1379      |    <0.001 |
|     m1383      |    <0.001 |
|     m1384      |    <0.001 |
|     m1385      |    <0.001 |
|     m1386      |    <0.001 |
|     m1387      |    <0.001 |
|     m1388      |    <0.001 |
|     m1389      |    <0.001 |
|     m1390      |    <0.001 |
|     m1391      |    <0.001 |
|     m1392      |    <0.001 |
|     m1393      |    <0.001 |
|     m1394      |    <0.001 |
|     m1395      |    <0.001 |
|     m1396      |    <0.001 |
|     m1397      |    <0.001 |
|     m1401      |    <0.001 |
|     m1402      |    <0.001 |
|     m1403      |    <0.001 |
|     m1404      |    <0.001 |
|     m1405      |    <0.001 |
|     m1407      |    <0.001 |
|     m1408      |    <0.001 |
|     m1409      |    <0.001 |
|     m1426      |    <0.001 |
|     m1427      |    <0.001 |
|     m1436      |    <0.001 |
|     m1437      |    <0.001 |
|     m1438      |    <0.001 |
|     m1439      |    <0.001 |
+----------------+-----------+


